

================================================================
== Vitis HLS Report for 'matmul'
================================================================
* Date:           Mon Aug  3 03:07:28 2026

* Version:        2022.2 (Build 3670227 on Oct 13 2022)
* Project:        prj
* Solution:       sol (Vivado IP Flow Target)
* Product family: zynq
* Target device:  xc7z007s-clg400-1


================================================================
== Performance Estimates
================================================================
+ Timing: 
    * Summary: 
    +--------+----------+----------+------------+
    |  Clock |  Target  | Estimated| Uncertainty|
    +--------+----------+----------+------------+
    |ap_clk  |  10.00 ns|  5.199 ns|     2.70 ns|
    +--------+----------+----------+------------+

+ Latency: 
    * Summary: 
    +---------+---------+----------+----------+-------+-------+---------+
    |  Latency (cycles) |  Latency (absolute) |    Interval   | Pipeline|
    |   min   |   max   |    min   |    max   |  min  |  max  |   Type  |
    +---------+---------+----------+----------+-------+-------+---------+
    |    21025|    21025|  0.210 ms|  0.210 ms|  21026|  21026|       no|
    +---------+---------+----------+----------+-------+-------+---------+

    + Detail: 
        * Instance: 
        N/A

        * Loop: 
        +-----------+---------+---------+----------+-----------+-----------+------+----------+
        |           |  Latency (cycles) | Iteration|  Initiation Interval  | Trip |          |
        | Loop Name |   min   |   max   |  Latency |  achieved |   target  | Count| Pipelined|
        +-----------+---------+---------+----------+-----------+-----------+------+----------+
        |- row      |    21024|    21024|      1314|          -|          -|    16|        no|
        | + col     |     1312|     1312|        82|          -|          -|    16|        no|
        |  ++ prod  |       80|       80|         5|          -|          -|    16|        no|
        +-----------+---------+---------+----------+-----------+-----------+------+----------+



================================================================
== Utilization Estimates
================================================================
* Summary: 
+-----------------+---------+----+-------+-------+-----+
|       Name      | BRAM_18K| DSP|   FF  |  LUT  | URAM|
+-----------------+---------+----+-------+-------+-----+
|DSP              |        -|   1|      -|      -|    -|
|Expression       |        -|   -|      0|     98|    -|
|FIFO             |        -|   -|      -|      -|    -|
|Instance         |        -|   -|      0|     40|    -|
|Memory           |        -|   -|      -|      -|    -|
|Multiplexer      |        -|   -|      -|     84|    -|
|Register         |        -|   -|     81|      -|    -|
+-----------------+---------+----+-------+-------+-----+
|Total            |        0|   1|     81|    222|    0|
+-----------------+---------+----+-------+-------+-----+
|Available        |      100|  66|  28800|  14400|    0|
+-----------------+---------+----+-------+-------+-----+
|Utilization (%)  |        0|   1|     ~0|      1|    0|
+-----------------+---------+----+-------+-------+-----+

+ Detail: 
    * Instance: 
    +-----------------+--------------+---------+----+---+----+-----+
    |     Instance    |    Module    | BRAM_18K| DSP| FF| LUT| URAM|
    +-----------------+--------------+---------+----+---+----+-----+
    |mux_42_8_1_1_U1  |mux_42_8_1_1  |        0|   0|  0|  20|    0|
    |mux_42_8_1_1_U2  |mux_42_8_1_1  |        0|   0|  0|  20|    0|
    +-----------------+--------------+---------+----+---+----+-----+
    |Total            |              |        0|   0|  0|  40|    0|
    +-----------------+--------------+---------+----+---+----+-----+

    * DSP: 
    +--------------------------------+-----------------------------+--------------+
    |            Instance            |            Module           |  Expression  |
    +--------------------------------+-----------------------------+--------------+
    |mac_muladd_8s_8s_20s_20_4_1_U3  |mac_muladd_8s_8s_20s_20_4_1  |  i0 * i1 + i2|
    +--------------------------------+-----------------------------+--------------+

    * Memory: 
    N/A

    * FIFO: 
    N/A

    * Expression: 
    +---------------------+----------+----+---+----+------------+------------+
    |    Variable Name    | Operation| DSP| FF| LUT| Bitwidth P0| Bitwidth P1|
    +---------------------+----------+----+---+----+------------+------------+
    |add_ln18_fu_254_p2   |         +|   0|  0|  13|           5|           1|
    |add_ln20_fu_284_p2   |         +|   0|  0|  13|           5|           1|
    |add_ln23_fu_300_p2   |         +|   0|  0|  13|           5|           1|
    |add_ln24_fu_339_p2   |         +|   0|  0|  14|           6|           6|
    |add_ln26_fu_268_p2   |         +|   0|  0|  15|           8|           8|
    |icmp_ln18_fu_248_p2  |      icmp|   0|  0|  10|           5|           6|
    |icmp_ln20_fu_278_p2  |      icmp|   0|  0|  10|           5|           6|
    |icmp_ln23_fu_294_p2  |      icmp|   0|  0|  10|           5|           6|
    +---------------------+----------+----+---+----+------------+------------+
    |Total                |          |   0|  0|  98|          44|          35|
    +---------------------+----------+----+---+----+------------+------------+

    * Multiplexer: 
    +---------------+----+-----------+-----+-----------+
    |      Name     | LUT| Input Size| Bits| Total Bits|
    +---------------+----+-----------+-----+-----------+
    |acc_V_reg_216  |   9|          2|   20|         40|
    |ap_NS_fsm      |  48|          9|    1|          9|
    |i_fu_74        |   9|          2|    5|         10|
    |j_reg_194      |   9|          2|    5|         10|
    |k_reg_205      |   9|          2|    5|         10|
    +---------------+----+-----------+-----+-----------+
    |Total          |  84|         17|   36|         79|
    +---------------+----+-----------+-----+-----------+

    * Register: 
    +----------------------+----+----+-----+-----------+
    |         Name         | FF | LUT| Bits| Const Bits|
    +----------------------+----+----+-----+-----------+
    |C_addr_reg_433        |   8|   0|    8|          0|
    |acc_V_reg_216         |  20|   0|   20|          0|
    |add_ln18_reg_423      |   5|   0|    5|          0|
    |add_ln20_reg_441      |   5|   0|    5|          0|
    |add_ln23_reg_449      |   5|   0|    5|          0|
    |ap_CS_fsm             |   8|   0|    8|          0|
    |i_fu_74               |   5|   0|    5|          0|
    |j_reg_194             |   5|   0|    5|          0|
    |k_reg_205             |   5|   0|    5|          0|
    |tmp_2_reg_415         |   4|   0|    8|          4|
    |trunc_ln24_1_reg_494  |   2|   0|    2|          0|
    |trunc_ln24_reg_410    |   4|   0|    4|          0|
    |zext_ln26_reg_428     |   5|   0|    6|          1|
    +----------------------+----+----+-----+-----------+
    |Total                 |  81|   0|   86|          5|
    +----------------------+----+----+-----+-----------+



================================================================
== Interface
================================================================
* Summary: 
+--------------+-----+-----+------------+--------------+--------------+
|   RTL Ports  | Dir | Bits|  Protocol  | Source Object|    C Type    |
+--------------+-----+-----+------------+--------------+--------------+
|ap_clk        |   in|    1|  ap_ctrl_hs|        matmul|  return value|
|ap_rst        |   in|    1|  ap_ctrl_hs|        matmul|  return value|
|ap_start      |   in|    1|  ap_ctrl_hs|        matmul|  return value|
|ap_done       |  out|    1|  ap_ctrl_hs|        matmul|  return value|
|ap_idle       |  out|    1|  ap_ctrl_hs|        matmul|  return value|
|ap_ready      |  out|    1|  ap_ctrl_hs|        matmul|  return value|
|A_0_address0  |  out|    6|   ap_memory|           A_0|         array|
|A_0_ce0       |  out|    1|   ap_memory|           A_0|         array|
|A_0_q0        |   in|    8|   ap_memory|           A_0|         array|
|A_1_address0  |  out|    6|   ap_memory|           A_1|         array|
|A_1_ce0       |  out|    1|   ap_memory|           A_1|         array|
|A_1_q0        |   in|    8|   ap_memory|           A_1|         array|
|A_2_address0  |  out|    6|   ap_memory|           A_2|         array|
|A_2_ce0       |  out|    1|   ap_memory|           A_2|         array|
|A_2_q0        |   in|    8|   ap_memory|           A_2|         array|
|A_3_address0  |  out|    6|   ap_memory|           A_3|         array|
|A_3_ce0       |  out|    1|   ap_memory|           A_3|         array|
|A_3_q0        |   in|    8|   ap_memory|           A_3|         array|
|B_0_address0  |  out|    6|   ap_memory|           B_0|         array|
|B_0_ce0       |  out|    1|   ap_memory|           B_0|         array|
|B_0_q0        |   in|    8|   ap_memory|           B_0|         array|
|B_1_address0  |  out|    6|   ap_memory|           B_1|         array|
|B_1_ce0       |  out|    1|   ap_memory|           B_1|         array|
|B_1_q0        |   in|    8|   ap_memory|           B_1|         array|
|B_2_address0  |  out|    6|   ap_memory|           B_2|         array|
|B_2_ce0       |  out|    1|   ap_memory|           B_2|         array|
|B_2_q0        |   in|    8|   ap_memory|           B_2|         array|
|B_3_address0  |  out|    6|   ap_memory|           B_3|         array|
|B_3_ce0       |  out|    1|   ap_memory|           B_3|         array|
|B_3_q0        |   in|    8|   ap_memory|           B_3|         array|
|C_address0    |  out|    8|   ap_memory|             C|         array|
|C_ce0         |  out|    1|   ap_memory|             C|         array|
|C_we0         |  out|    1|   ap_memory|             C|         array|
|C_d0          |  out|   32|   ap_memory|             C|         array|
+--------------+-----+-----+------------+--------------+--------------+

