

================================================================
== Vitis HLS Report for 'matmul'
================================================================
* Date:           Mon Aug  3 03:08:40 2026

* Version:        2022.2 (Build 3670227 on Oct 13 2022)
* Project:        prj
* Solution:       sol (Vivado IP Flow Target)
* Product family: zynq
* Target device:  xc7z007s-clg400-1


================================================================
== Performance Estimates
================================================================
+ Timing: 
    * Summary: 
    +--------+----------+----------+------------+
    |  Clock |  Target  | Estimated| Uncertainty|
    +--------+----------+----------+------------+
    |ap_clk  |  10.00 ns|  6.492 ns|     2.70 ns|
    +--------+----------+----------+------------+

+ Latency: 
    * Summary: 
    +---------+---------+-----------+-----------+------+------+---------+
    |  Latency (cycles) |   Latency (absolute)  |   Interval  | Pipeline|
    |   min   |   max   |    min    |    max    |  min |  max |   Type  |
    +---------+---------+-----------+-----------+------+------+---------+
    |     1585|     1585|  15.850 us|  15.850 us|  1586|  1586|       no|
    +---------+---------+-----------+-----------+------+------+---------+

    + Detail: 
        * Instance: 
        N/A

        * Loop: 
        +----------+---------+---------+----------+-----------+-----------+------+----------+
        |          |  Latency (cycles) | Iteration|  Initiation Interval  | Trip |          |
        | Loop Name|   min   |   max   |  Latency |  achieved |   target  | Count| Pipelined|
        +----------+---------+---------+----------+-----------+-----------+------+----------+
        |- row     |     1584|     1584|        99|          -|          -|    16|        no|
        | + col    |       96|       96|         6|          -|          -|    16|        no|
        +----------+---------+---------+----------+-----------+-----------+------+----------+



================================================================
== Utilization Estimates
================================================================
* Summary: 
+-----------------+---------+----+-------+-------+-----+
|       Name      | BRAM_18K| DSP|   FF  |  LUT  | URAM|
+-----------------+---------+----+-------+-------+-----+
|DSP              |        -|   8|      -|      -|    -|
|Expression       |        -|   -|      0|    240|    -|
|FIFO             |        -|   -|      -|      -|    -|
|Instance         |        -|   0|      0|    328|    -|
|Memory           |        -|   -|      -|      -|    -|
|Multiplexer      |        -|   -|      -|     71|    -|
|Register         |        -|   -|    463|      -|    -|
+-----------------+---------+----+-------+-------+-----+
|Total            |        0|   8|    463|    639|    0|
+-----------------+---------+----+-------+-------+-----+
|Available        |      100|  66|  28800|  14400|    0|
+-----------------+---------+----+-------+-------+-----+
|Utilization (%)  |        0|  12|      1|      4|    0|
+-----------------+---------+----+-------+-------+-----+

+ Detail: 
    * Instance: 
    +---------------------+------------------+---------+----+---+----+-----+
    |       Instance      |      Module      | BRAM_18K| DSP| FF| LUT| URAM|
    +---------------------+------------------+---------+----+---+----+-----+
    |mul_8s_8s_16_1_1_U1  |mul_8s_8s_16_1_1  |        0|   0|  0|  41|    0|
    |mul_8s_8s_16_1_1_U2  |mul_8s_8s_16_1_1  |        0|   0|  0|  41|    0|
    |mul_8s_8s_16_1_1_U3  |mul_8s_8s_16_1_1  |        0|   0|  0|  41|    0|
    |mul_8s_8s_16_1_1_U4  |mul_8s_8s_16_1_1  |        0|   0|  0|  41|    0|
    |mul_8s_8s_16_1_1_U5  |mul_8s_8s_16_1_1  |        0|   0|  0|  41|    0|
    |mul_8s_8s_16_1_1_U6  |mul_8s_8s_16_1_1  |        0|   0|  0|  41|    0|
    |mul_8s_8s_16_1_1_U7  |mul_8s_8s_16_1_1  |        0|   0|  0|  41|    0|
    |mul_8s_8s_16_1_1_U8  |mul_8s_8s_16_1_1  |        0|   0|  0|  41|    0|
    +---------------------+------------------+---------+----+---+----+-----+
    |Total                |                  |        0|   0|  0| 328|    0|
    +---------------------+------------------+---------+----+---+----+-----+

    * DSP: 
    +---------------------------------+-----------------------------+--------------+
    |             Instance            |            Module           |  Expression  |
    +---------------------------------+-----------------------------+--------------+
    |mac_muladd_8s_8s_16s_17_4_1_U9   |mac_muladd_8s_8s_16s_17_4_1  |  i0 + i1 * i2|
    |mac_muladd_8s_8s_16s_17_4_1_U10  |mac_muladd_8s_8s_16s_17_4_1  |  i0 + i1 * i2|
    |mac_muladd_8s_8s_16s_17_4_1_U11  |mac_muladd_8s_8s_16s_17_4_1  |  i0 + i1 * i2|
    |mac_muladd_8s_8s_16s_17_4_1_U12  |mac_muladd_8s_8s_16s_17_4_1  |  i0 + i1 * i2|
    |mac_muladd_8s_8s_16s_17_4_1_U13  |mac_muladd_8s_8s_16s_17_4_1  |  i0 + i1 * i2|
    |mac_muladd_8s_8s_16s_17_4_1_U14  |mac_muladd_8s_8s_16s_17_4_1  |  i0 + i1 * i2|
    |mac_muladd_8s_8s_16s_17_4_1_U15  |mac_muladd_8s_8s_16s_17_4_1  |  i0 + i1 * i2|
    |mac_muladd_8s_8s_16s_17_4_1_U16  |mac_muladd_8s_8s_16s_17_4_1  |  i0 + i1 * i2|
    +---------------------------------+-----------------------------+--------------+

    * Memory: 
    N/A

    * FIFO: 
    N/A

    * Expression: 
    +------------------------+----------+----+---+----+------------+------------+
    |      Variable Name     | Operation| DSP| FF| LUT| Bitwidth P0| Bitwidth P1|
    +------------------------+----------+----+---+----+------------+------------+
    |acc_V_1_fu_925_p2       |         +|   0|  0|  27|          20|          20|
    |add_ln18_fu_595_p2      |         +|   0|  0|  13|           5|           1|
    |add_ln20_fu_705_p2      |         +|   0|  0|  13|           5|           1|
    |add_ln27_fu_689_p2      |         +|   0|  0|  15|           8|           8|
    |add_ln840_12_fu_903_p2  |         +|   0|  0|  25|          18|          18|
    |add_ln840_13_fu_913_p2  |         +|   0|  0|  26|          19|          19|
    |add_ln840_2_fu_849_p2   |         +|   0|  0|  25|          18|          18|
    |add_ln840_5_fu_865_p2   |         +|   0|  0|  25|          18|          18|
    |add_ln840_6_fu_875_p2   |         +|   0|  0|  26|          19|          19|
    |add_ln840_9_fu_887_p2   |         +|   0|  0|  25|          18|          18|
    |icmp_ln18_fu_589_p2     |      icmp|   0|  0|  10|           5|           6|
    |icmp_ln20_fu_699_p2     |      icmp|   0|  0|  10|           5|           6|
    +------------------------+----------+----+---+----+------------+------------+
    |Total                   |          |   0|  0| 240|         158|         152|
    +------------------------+----------+----+---+----+------------+------------+

    * Multiplexer: 
    +-----------+----+-----------+-----+-----------+
    |    Name   | LUT| Input Size| Bits| Total Bits|
    +-----------+----+-----------+-----+-----------+
    |ap_NS_fsm  |  53|         10|    1|         10|
    |i_fu_106   |   9|          2|    5|         10|
    |j_reg_538  |   9|          2|    5|         10|
    +-----------+----+-----------+-----+-----------+
    |Total      |  71|         14|   11|         30|
    +-----------+----+-----------+-----+-----------+

    * Register: 
    +-------------------------+----+----+-----+-----------+
    |           Name          | FF | LUT| Bits| Const Bits|
    +-------------------------+----+----+-----+-----------+
    |A_0_load_cast_reg_1100   |  16|   0|   16|          0|
    |A_10_load_cast_reg_1150  |  16|   0|   16|          0|
    |A_11_load_cast_reg_1155  |  16|   0|   16|          0|
    |A_12_load_cast_reg_1160  |  16|   0|   16|          0|
    |A_13_load_cast_reg_1165  |  16|   0|   16|          0|
    |A_14_load_cast_reg_1170  |  16|   0|   16|          0|
    |A_1_load_cast_reg_1105   |  16|   0|   16|          0|
    |A_2_load_cast_reg_1110   |  16|   0|   16|          0|
    |A_3_load_cast_reg_1115   |  16|   0|   16|          0|
    |A_4_load_cast_reg_1120   |  16|   0|   16|          0|
    |A_5_load_cast_reg_1125   |  16|   0|   16|          0|
    |A_6_load_cast_reg_1130   |  16|   0|   16|          0|
    |A_7_load_cast_reg_1135   |  16|   0|   16|          0|
    |A_8_load_cast_reg_1140   |  16|   0|   16|          0|
    |A_9_load_cast_reg_1145   |  16|   0|   16|          0|
    |C_addr_reg_1180          |   8|   0|    8|          0|
    |add_ln18_reg_1015        |   5|   0|    5|          0|
    |add_ln20_reg_1188        |   5|   0|    5|          0|
    |add_ln840_13_reg_1398    |  19|   0|   19|          0|
    |add_ln840_6_reg_1393     |  19|   0|   19|          0|
    |ap_CS_fsm                |   9|   0|    9|          0|
    |i_fu_106                 |   5|   0|    5|          0|
    |j_reg_538                |   5|   0|    5|          0|
    |mul_ln840_11_reg_1333    |  16|   0|   16|          0|
    |mul_ln840_13_reg_1343    |  16|   0|   16|          0|
    |mul_ln840_1_reg_1283     |  16|   0|   16|          0|
    |mul_ln840_3_reg_1293     |  16|   0|   16|          0|
    |mul_ln840_5_reg_1303     |  16|   0|   16|          0|
    |mul_ln840_7_reg_1313     |  16|   0|   16|          0|
    |mul_ln840_9_reg_1323     |  16|   0|   16|          0|
    |mul_ln840_reg_1278       |  16|   0|   16|          0|
    |sext_ln20_reg_1175       |  16|   0|   16|          0|
    |tmp_reg_1007             |   4|   0|    8|          4|
    +-------------------------+----+----+-----+-----------+
    |Total                    | 463|   0|  467|          4|
    +-------------------------+----+----+-----+-----------+



================================================================
== Interface
================================================================
* Summary: 
+---------------+-----+-----+------------+--------------+--------------+
|   RTL Ports   | Dir | Bits|  Protocol  | Source Object|    C Type    |
+---------------+-----+-----+------------+--------------+--------------+
|ap_clk         |   in|    1|  ap_ctrl_hs|        matmul|  return value|
|ap_rst         |   in|    1|  ap_ctrl_hs|        matmul|  return value|
|ap_start       |   in|    1|  ap_ctrl_hs|        matmul|  return value|
|ap_done        |  out|    1|  ap_ctrl_hs|        matmul|  return value|
|ap_idle        |  out|    1|  ap_ctrl_hs|        matmul|  return value|
|ap_ready       |  out|    1|  ap_ctrl_hs|        matmul|  return value|
|A_0_address0   |  out|    4|   ap_memory|           A_0|         array|
|A_0_ce0        |  out|    1|   ap_memory|           A_0|         array|
|A_0_q0         |   in|    8|   ap_memory|           A_0|         array|
|A_1_address0   |  out|    4|   ap_memory|           A_1|         array|
|A_1_ce0        |  out|    1|   ap_memory|           A_1|         array|
|A_1_q0         |   in|    8|   ap_memory|           A_1|         array|
|A_2_address0   |  out|    4|   ap_memory|           A_2|         array|
|A_2_ce0        |  out|    1|   ap_memory|           A_2|         array|
|A_2_q0         |   in|    8|   ap_memory|           A_2|         array|
|A_3_address0   |  out|    4|   ap_memory|           A_3|         array|
|A_3_ce0        |  out|    1|   ap_memory|           A_3|         array|
|A_3_q0         |   in|    8|   ap_memory|           A_3|         array|
|A_4_address0   |  out|    4|   ap_memory|           A_4|         array|
|A_4_ce0        |  out|    1|   ap_memory|           A_4|         array|
|A_4_q0         |   in|    8|   ap_memory|           A_4|         array|
|A_5_address0   |  out|    4|   ap_memory|           A_5|         array|
|A_5_ce0        |  out|    1|   ap_memory|           A_5|         array|
|A_5_q0         |   in|    8|   ap_memory|           A_5|         array|
|A_6_address0   |  out|    4|   ap_memory|           A_6|         array|
|A_6_ce0        |  out|    1|   ap_memory|           A_6|         array|
|A_6_q0         |   in|    8|   ap_memory|           A_6|         array|
|A_7_address0   |  out|    4|   ap_memory|           A_7|         array|
|A_7_ce0        |  out|    1|   ap_memory|           A_7|         array|
|A_7_q0         |   in|    8|   ap_memory|           A_7|         array|
|A_8_address0   |  out|    4|   ap_memory|           A_8|         array|
|A_8_ce0        |  out|    1|   ap_memory|           A_8|         array|
|A_8_q0         |   in|    8|   ap_memory|           A_8|         array|
|A_9_address0   |  out|    4|   ap_memory|           A_9|         array|
|A_9_ce0        |  out|    1|   ap_memory|           A_9|         array|
|A_9_q0         |   in|    8|   ap_memory|           A_9|         array|
|A_10_address0  |  out|    4|   ap_memory|          A_10|         array|
|A_10_ce0       |  out|    1|   ap_memory|          A_10|         array|
|A_10_q0        |   in|    8|   ap_memory|          A_10|         array|
|A_11_address0  |  out|    4|   ap_memory|          A_11|         array|
|A_11_ce0       |  out|    1|   ap_memory|          A_11|         array|
|A_11_q0        |   in|    8|   ap_memory|          A_11|         array|
|A_12_address0  |  out|    4|   ap_memory|          A_12|         array|
|A_12_ce0       |  out|    1|   ap_memory|          A_12|         array|
|A_12_q0        |   in|    8|   ap_memory|          A_12|         array|
|A_13_address0  |  out|    4|   ap_memory|          A_13|         array|
|A_13_ce0       |  out|    1|   ap_memory|          A_13|         array|
|A_13_q0        |   in|    8|   ap_memory|          A_13|         array|
|A_14_address0  |  out|    4|   ap_memory|          A_14|         array|
|A_14_ce0       |  out|    1|   ap_memory|          A_14|         array|
|A_14_q0        |   in|    8|   ap_memory|          A_14|         array|
|A_15_address0  |  out|    4|   ap_memory|          A_15|         array|
|A_15_ce0       |  out|    1|   ap_memory|          A_15|         array|
|A_15_q0        |   in|    8|   ap_memory|          A_15|         array|
|B_0_address0   |  out|    4|   ap_memory|           B_0|         array|
|B_0_ce0        |  out|    1|   ap_memory|           B_0|         array|
|B_0_q0         |   in|    8|   ap_memory|           B_0|         array|
|B_1_address0   |  out|    4|   ap_memory|           B_1|         array|
|B_1_ce0        |  out|    1|   ap_memory|           B_1|         array|
|B_1_q0         |   in|    8|   ap_memory|           B_1|         array|
|B_2_address0   |  out|    4|   ap_memory|           B_2|         array|
|B_2_ce0        |  out|    1|   ap_memory|           B_2|         array|
|B_2_q0         |   in|    8|   ap_memory|           B_2|         array|
|B_3_address0   |  out|    4|   ap_memory|           B_3|         array|
|B_3_ce0        |  out|    1|   ap_memory|           B_3|         array|
|B_3_q0         |   in|    8|   ap_memory|           B_3|         array|
|B_4_address0   |  out|    4|   ap_memory|           B_4|         array|
|B_4_ce0        |  out|    1|   ap_memory|           B_4|         array|
|B_4_q0         |   in|    8|   ap_memory|           B_4|         array|
|B_5_address0   |  out|    4|   ap_memory|           B_5|         array|
|B_5_ce0        |  out|    1|   ap_memory|           B_5|         array|
|B_5_q0         |   in|    8|   ap_memory|           B_5|         array|
|B_6_address0   |  out|    4|   ap_memory|           B_6|         array|
|B_6_ce0        |  out|    1|   ap_memory|           B_6|         array|
|B_6_q0         |   in|    8|   ap_memory|           B_6|         array|
|B_7_address0   |  out|    4|   ap_memory|           B_7|         array|
|B_7_ce0        |  out|    1|   ap_memory|           B_7|         array|
|B_7_q0         |   in|    8|   ap_memory|           B_7|         array|
|B_8_address0   |  out|    4|   ap_memory|           B_8|         array|
|B_8_ce0        |  out|    1|   ap_memory|           B_8|         array|
|B_8_q0         |   in|    8|   ap_memory|           B_8|         array|
|B_9_address0   |  out|    4|   ap_memory|           B_9|         array|
|B_9_ce0        |  out|    1|   ap_memory|           B_9|         array|
|B_9_q0         |   in|    8|   ap_memory|           B_9|         array|
|B_10_address0  |  out|    4|   ap_memory|          B_10|         array|
|B_10_ce0       |  out|    1|   ap_memory|          B_10|         array|
|B_10_q0        |   in|    8|   ap_memory|          B_10|         array|
|B_11_address0  |  out|    4|   ap_memory|          B_11|         array|
|B_11_ce0       |  out|    1|   ap_memory|          B_11|         array|
|B_11_q0        |   in|    8|   ap_memory|          B_11|         array|
|B_12_address0  |  out|    4|   ap_memory|          B_12|         array|
|B_12_ce0       |  out|    1|   ap_memory|          B_12|         array|
|B_12_q0        |   in|    8|   ap_memory|          B_12|         array|
|B_13_address0  |  out|    4|   ap_memory|          B_13|         array|
|B_13_ce0       |  out|    1|   ap_memory|          B_13|         array|
|B_13_q0        |   in|    8|   ap_memory|          B_13|         array|
|B_14_address0  |  out|    4|   ap_memory|          B_14|         array|
|B_14_ce0       |  out|    1|   ap_memory|          B_14|         array|
|B_14_q0        |   in|    8|   ap_memory|          B_14|         array|
|B_15_address0  |  out|    4|   ap_memory|          B_15|         array|
|B_15_ce0       |  out|    1|   ap_memory|          B_15|         array|
|B_15_q0        |   in|    8|   ap_memory|          B_15|         array|
|C_address0     |  out|    8|   ap_memory|             C|         array|
|C_ce0          |  out|    1|   ap_memory|             C|         array|
|C_we0          |  out|    1|   ap_memory|             C|         array|
|C_d0           |  out|   32|   ap_memory|             C|         array|
+---------------+-----+-----+------------+--------------+--------------+

