

================================================================
== Vitis HLS Report for 'matmul'
================================================================
* Date:           Mon Aug  3 03:08:58 2026

* Version:        2022.2 (Build 3670227 on Oct 13 2022)
* Project:        prj
* Solution:       sol (Vivado IP Flow Target)
* Product family: zynq
* Target device:  xc7z007s-clg400-1


================================================================
== Performance Estimates
================================================================
+ Timing: 
    * Summary: 
    +--------+----------+----------+------------+
    |  Clock |  Target  | Estimated| Uncertainty|
    +--------+----------+----------+------------+
    |ap_clk  |  10.00 ns|  6.726 ns|     2.70 ns|
    +--------+----------+----------+------------+

+ Latency: 
    * Summary: 
    +---------+---------+----------+----------+-----+-----+---------+
    |  Latency (cycles) |  Latency (absolute) |  Interval | Pipeline|
    |   min   |   max   |    min   |    max   | min | max |   Type  |
    +---------+---------+----------+----------+-----+-----+---------+
    |      518|      518|  5.180 us|  5.180 us|  519|  519|       no|
    +---------+---------+----------+----------+-----+-----+---------+

    + Detail: 
        * Instance: 
        N/A

        * Loop: 
        +-----------+---------+---------+----------+-----------+-----------+------+----------+
        |           |  Latency (cycles) | Iteration|  Initiation Interval  | Trip |          |
        | Loop Name |   min   |   max   |  Latency |  achieved |   target  | Count| Pipelined|
        +-----------+---------+---------+----------+-----------+-----------+------+----------+
        |- row_col  |      516|      516|         7|          2|          1|   256|       yes|
        +-----------+---------+---------+----------+-----------+-----------+------+----------+



================================================================
== Utilization Estimates
================================================================
* Summary: 
+-----------------+---------+----+-------+-------+-----+
|       Name      | BRAM_18K| DSP|   FF  |  LUT  | URAM|
+-----------------+---------+----+-------+-------+-----+
|DSP              |        -|   8|      -|      -|    -|
|Expression       |        -|   -|      0|    331|    -|
|FIFO             |        -|   -|      -|      -|    -|
|Instance         |        -|   0|      0|    328|    -|
|Memory           |        -|   -|      -|      -|    -|
|Multiplexer      |        -|   -|      -|    346|    -|
|Register         |        -|   -|    331|     32|    -|
+-----------------+---------+----+-------+-------+-----+
|Total            |        0|   8|    331|   1037|    0|
+-----------------+---------+----+-------+-------+-----+
|Available        |      100|  66|  28800|  14400|    0|
+-----------------+---------+----+-------+-------+-----+
|Utilization (%)  |        0|  12|      1|      7|    0|
+-----------------+---------+----+-------+-------+-----+

+ Detail: 
    * Instance: 
    +---------------------+------------------+---------+----+---+----+-----+
    |       Instance      |      Module      | BRAM_18K| DSP| FF| LUT| URAM|
    +---------------------+------------------+---------+----+---+----+-----+
    |mul_8s_8s_16_1_1_U1  |mul_8s_8s_16_1_1  |        0|   0|  0|  41|    0|
    |mul_8s_8s_16_1_1_U2  |mul_8s_8s_16_1_1  |        0|   0|  0|  41|    0|
    |mul_8s_8s_16_1_1_U3  |mul_8s_8s_16_1_1  |        0|   0|  0|  41|    0|
    |mul_8s_8s_16_1_1_U4  |mul_8s_8s_16_1_1  |        0|   0|  0|  41|    0|
    |mul_8s_8s_16_1_1_U5  |mul_8s_8s_16_1_1  |        0|   0|  0|  41|    0|
    |mul_8s_8s_16_1_1_U6  |mul_8s_8s_16_1_1  |        0|   0|  0|  41|    0|
    |mul_8s_8s_16_1_1_U7  |mul_8s_8s_16_1_1  |        0|   0|  0|  41|    0|
    |mul_8s_8s_16_1_1_U8  |mul_8s_8s_16_1_1  |        0|   0|  0|  41|    0|
    +---------------------+------------------+---------+----+---+----+-----+
    |Total                |                  |        0|   0|  0| 328|    0|
    +---------------------+------------------+---------+----+---+----+-----+

    * DSP: 
    +---------------------------------+-----------------------------+--------------+
    |             Instance            |            Module           |  Expression  |
    +---------------------------------+-----------------------------+--------------+
    |mac_muladd_8s_8s_16s_17_4_1_U9   |mac_muladd_8s_8s_16s_17_4_1  |  i0 + i1 * i2|
    |mac_muladd_8s_8s_16s_17_4_1_U10  |mac_muladd_8s_8s_16s_17_4_1  |  i0 + i1 * i2|
    |mac_muladd_8s_8s_16s_17_4_1_U11  |mac_muladd_8s_8s_16s_17_4_1  |  i0 + i1 * i2|
    |mac_muladd_8s_8s_16s_17_4_1_U12  |mac_muladd_8s_8s_16s_17_4_1  |  i0 + i1 * i2|
    |mac_muladd_8s_8s_16s_17_4_1_U13  |mac_muladd_8s_8s_16s_17_4_1  |  i0 + i1 * i2|
    |mac_muladd_8s_8s_16s_17_4_1_U14  |mac_muladd_8s_8s_16s_17_4_1  |  i0 + i1 * i2|
    |mac_muladd_8s_8s_16s_17_4_1_U15  |mac_muladd_8s_8s_16s_17_4_1  |  i0 + i1 * i2|
    |mac_muladd_8s_8s_16s_17_4_1_U16  |mac_muladd_8s_8s_16s_17_4_1  |  i0 + i1 * i2|
    +---------------------------------+-----------------------------+--------------+

    * Memory: 
    N/A

    * FIFO: 
    N/A

    * Expression: 
    +-------------------------+----------+----+---+----+------------+------------+
    |      Variable Name      | Operation| DSP| FF| LUT| Bitwidth P0| Bitwidth P1|
    +-------------------------+----------+----+---+----+------------+------------+
    |acc_V_1_fu_978_p2        |         +|   0|  0|  27|          20|          20|
    |add_ln18_1_fu_474_p2     |         +|   0|  0|  14|           9|           1|
    |add_ln18_fu_483_p2       |         +|   0|  0|  13|           5|           1|
    |add_ln20_fu_629_p2       |         +|   0|  0|  13|           5|           1|
    |add_ln26_fu_602_p2       |         +|   0|  0|  14|           6|           5|
    |add_ln28_fu_718_p2       |         +|   0|  0|  15|           8|           8|
    |add_ln840_12_fu_952_p2   |         +|   0|  0|  25|          18|          18|
    |add_ln840_13_fu_962_p2   |         +|   0|  0|  26|          19|          19|
    |add_ln840_2_fu_898_p2    |         +|   0|  0|  25|          18|          18|
    |add_ln840_5_fu_914_p2    |         +|   0|  0|  25|          18|          18|
    |add_ln840_6_fu_924_p2    |         +|   0|  0|  26|          19|          19|
    |add_ln840_9_fu_936_p2    |         +|   0|  0|  25|          18|          18|
    |ap_condition_352         |       and|   0|  0|   2|           1|           1|
    |icmp_ln18_fu_468_p2      |      icmp|   0|  0|  11|           9|          10|
    |icmp_ln20_fu_493_p2      |      icmp|   0|  0|  10|           5|           6|
    |or_ln18_1_fu_572_p2      |        or|   0|  0|   6|           6|           2|
    |or_ln18_2_fu_685_p2      |        or|   0|  0|   6|           6|           2|
    |or_ln18_fu_550_p2        |        or|   0|  0|   6|           6|           1|
    |select_ln18_1_fu_515_p3  |    select|   0|  0|   5|           1|           5|
    |select_ln18_2_fu_527_p3  |    select|   0|  0|   6|           1|           6|
    |select_ln18_3_fu_542_p3  |    select|   0|  0|   6|           1|           6|
    |select_ln18_4_fu_564_p3  |    select|   0|  0|   6|           1|           6|
    |select_ln18_5_fu_583_p3  |    select|   0|  0|   6|           1|           6|
    |select_ln18_fu_499_p3    |    select|   0|  0|   5|           1|           1|
    |ap_enable_pp0            |       xor|   0|  0|   2|           1|           2|
    |xor_ln26_fu_701_p2       |       xor|   0|  0|   6|           5|           6|
    +-------------------------+----------+----+---+----+------------+------------+
    |Total                    |          |   0|  0| 331|         208|         206|
    +-------------------------+----------+----+---+----+------------+------------+

    * Multiplexer: 
    +--------------------------------------+----+-----------+-----+-----------+
    |                 Name                 | LUT| Input Size| Bits| Total Bits|
    +--------------------------------------+----+-----------+-----+-----------+
    |A_0_address0                          |  14|          3|    6|         18|
    |A_0_address1                          |  14|          3|    6|         18|
    |A_1_address0                          |  14|          3|    6|         18|
    |A_1_address1                          |  14|          3|    6|         18|
    |A_2_address0                          |  14|          3|    6|         18|
    |A_2_address1                          |  14|          3|    6|         18|
    |A_3_address0                          |  14|          3|    6|         18|
    |A_3_address1                          |  14|          3|    6|         18|
    |B_0_address0                          |  14|          3|    6|         18|
    |B_0_address1                          |  14|          3|    6|         18|
    |B_1_address0                          |  14|          3|    6|         18|
    |B_1_address1                          |  14|          3|    6|         18|
    |B_2_address0                          |  14|          3|    6|         18|
    |B_2_address1                          |  14|          3|    6|         18|
    |B_3_address0                          |  14|          3|    6|         18|
    |B_3_address1                          |  14|          3|    6|         18|
    |ap_NS_fsm                             |  14|          3|    1|          3|
    |ap_done_int                           |   9|          2|    1|          2|
    |ap_enable_reg_pp0_iter0               |   9|          2|    1|          2|
    |ap_enable_reg_pp0_iter1               |   9|          2|    1|          2|
    |ap_enable_reg_pp0_iter3               |   9|          2|    1|          2|
    |ap_loop_exit_ready_pp0_iter1_reg      |   9|          2|    1|          2|
    |ap_loop_exit_ready_pp0_iter2_reg      |   9|          2|    1|          2|
    |ap_sig_allocacmp_i_1                  |   9|          2|    5|         10|
    |ap_sig_allocacmp_indvar_flatten_load  |   9|          2|    9|         18|
    |ap_sig_allocacmp_j_load               |   9|          2|    5|         10|
    |i_fu_86                               |   9|          2|    5|         10|
    |indvar_flatten_fu_90                  |   9|          2|    9|         18|
    |j_fu_82                               |   9|          2|    5|         10|
    +--------------------------------------+----+-----------+-----+-----------+
    |Total                                 | 346|         75|  141|        379|
    +--------------------------------------+----+-----------+-----+-----------+

    * Register: 
    +----------------------------------+----+----+-----+-----------+
    |               Name               | FF | LUT| Bits| Const Bits|
    +----------------------------------+----+----+-----+-----------+
    |A_1_load_2_reg_1236               |   8|   0|    8|          0|
    |A_2_load_3_reg_1371               |   8|   0|    8|          0|
    |B_1_load_2_reg_1351               |   8|   0|    8|          0|
    |B_2_load_3_reg_1416               |   8|   0|    8|          0|
    |add_ln28_reg_1311                 |   8|   0|    8|          0|
    |add_ln840_13_reg_1476             |  19|   0|   19|          0|
    |add_ln840_6_reg_1471              |  19|   0|   19|          0|
    |ap_CS_fsm                         |   2|   0|    2|          0|
    |ap_done_reg                       |   1|   0|    1|          0|
    |ap_enable_reg_pp0_iter0_reg       |   1|   0|    1|          0|
    |ap_enable_reg_pp0_iter1           |   1|   0|    1|          0|
    |ap_enable_reg_pp0_iter2           |   1|   0|    1|          0|
    |ap_enable_reg_pp0_iter3           |   1|   0|    1|          0|
    |ap_loop_exit_ready_pp0_iter1_reg  |   1|   0|    1|          0|
    |ap_loop_exit_ready_pp0_iter2_reg  |   1|   0|    1|          0|
    |i_fu_86                           |   5|   0|    5|          0|
    |icmp_ln18_reg_1082                |   1|   0|    1|          0|
    |icmp_ln18_reg_1082_pp0_iter1_reg  |   1|   0|    1|          0|
    |indvar_flatten_fu_90              |   9|   0|    9|          0|
    |j_fu_82                           |   5|   0|    5|          0|
    |mul_ln840_11_reg_1406             |  16|   0|   16|          0|
    |mul_ln840_13_reg_1446             |  16|   0|   16|          0|
    |mul_ln840_1_reg_1321              |  16|   0|   16|          0|
    |mul_ln840_3_reg_1331              |  16|   0|   16|          0|
    |mul_ln840_5_reg_1341              |  16|   0|   16|          0|
    |mul_ln840_7_reg_1386              |  16|   0|   16|          0|
    |mul_ln840_9_reg_1396              |  16|   0|   16|          0|
    |mul_ln840_reg_1381                |  16|   0|   16|          0|
    |select_ln18_10_cast_reg_1137      |   4|   0|   64|         60|
    |select_ln18_5_reg_1149            |   4|   0|    6|          2|
    |select_ln18_reg_1086              |   5|   0|    5|          0|
    |trunc_ln28_reg_1092               |   4|   0|    4|          0|
    |zext_ln18_reg_1097                |   4|   0|   64|         60|
    |zext_ln20_reg_1154                |   5|   0|   64|         59|
    |zext_ln26_3_reg_1169              |   5|   0|   64|         59|
    |add_ln28_reg_1311                 |  64|  32|    8|          0|
    +----------------------------------+----+----+-----+-----------+
    |Total                             | 331|  32|  515|        240|
    +----------------------------------+----+----+-----+-----------+



================================================================
== Interface
================================================================
* Summary: 
+--------------+-----+-----+------------+--------------+--------------+
|   RTL Ports  | Dir | Bits|  Protocol  | Source Object|    C Type    |
+--------------+-----+-----+------------+--------------+--------------+
|ap_clk        |   in|    1|  ap_ctrl_hs|        matmul|  return value|
|ap_rst        |   in|    1|  ap_ctrl_hs|        matmul|  return value|
|ap_start      |   in|    1|  ap_ctrl_hs|        matmul|  return value|
|ap_done       |  out|    1|  ap_ctrl_hs|        matmul|  return value|
|ap_idle       |  out|    1|  ap_ctrl_hs|        matmul|  return value|
|ap_ready      |  out|    1|  ap_ctrl_hs|        matmul|  return value|
|A_0_address0  |  out|    6|   ap_memory|           A_0|         array|
|A_0_ce0       |  out|    1|   ap_memory|           A_0|         array|
|A_0_q0        |   in|    8|   ap_memory|           A_0|         array|
|A_0_address1  |  out|    6|   ap_memory|           A_0|         array|
|A_0_ce1       |  out|    1|   ap_memory|           A_0|         array|
|A_0_q1        |   in|    8|   ap_memory|           A_0|         array|
|A_1_address0  |  out|    6|   ap_memory|           A_1|         array|
|A_1_ce0       |  out|    1|   ap_memory|           A_1|         array|
|A_1_q0        |   in|    8|   ap_memory|           A_1|         array|
|A_1_address1  |  out|    6|   ap_memory|           A_1|         array|
|A_1_ce1       |  out|    1|   ap_memory|           A_1|         array|
|A_1_q1        |   in|    8|   ap_memory|           A_1|         array|
|A_2_address0  |  out|    6|   ap_memory|           A_2|         array|
|A_2_ce0       |  out|    1|   ap_memory|           A_2|         array|
|A_2_q0        |   in|    8|   ap_memory|           A_2|         array|
|A_2_address1  |  out|    6|   ap_memory|           A_2|         array|
|A_2_ce1       |  out|    1|   ap_memory|           A_2|         array|
|A_2_q1        |   in|    8|   ap_memory|           A_2|         array|
|A_3_address0  |  out|    6|   ap_memory|           A_3|         array|
|A_3_ce0       |  out|    1|   ap_memory|           A_3|         array|
|A_3_q0        |   in|    8|   ap_memory|           A_3|         array|
|A_3_address1  |  out|    6|   ap_memory|           A_3|         array|
|A_3_ce1       |  out|    1|   ap_memory|           A_3|         array|
|A_3_q1        |   in|    8|   ap_memory|           A_3|         array|
|B_0_address0  |  out|    6|   ap_memory|           B_0|         array|
|B_0_ce0       |  out|    1|   ap_memory|           B_0|         array|
|B_0_q0        |   in|    8|   ap_memory|           B_0|         array|
|B_0_address1  |  out|    6|   ap_memory|           B_0|         array|
|B_0_ce1       |  out|    1|   ap_memory|           B_0|         array|
|B_0_q1        |   in|    8|   ap_memory|           B_0|         array|
|B_1_address0  |  out|    6|   ap_memory|           B_1|         array|
|B_1_ce0       |  out|    1|   ap_memory|           B_1|         array|
|B_1_q0        |   in|    8|   ap_memory|           B_1|         array|
|B_1_address1  |  out|    6|   ap_memory|           B_1|         array|
|B_1_ce1       |  out|    1|   ap_memory|           B_1|         array|
|B_1_q1        |   in|    8|   ap_memory|           B_1|         array|
|B_2_address0  |  out|    6|   ap_memory|           B_2|         array|
|B_2_ce0       |  out|    1|   ap_memory|           B_2|         array|
|B_2_q0        |   in|    8|   ap_memory|           B_2|         array|
|B_2_address1  |  out|    6|   ap_memory|           B_2|         array|
|B_2_ce1       |  out|    1|   ap_memory|           B_2|         array|
|B_2_q1        |   in|    8|   ap_memory|           B_2|         array|
|B_3_address0  |  out|    6|   ap_memory|           B_3|         array|
|B_3_ce0       |  out|    1|   ap_memory|           B_3|         array|
|B_3_q0        |   in|    8|   ap_memory|           B_3|         array|
|B_3_address1  |  out|    6|   ap_memory|           B_3|         array|
|B_3_ce1       |  out|    1|   ap_memory|           B_3|         array|
|B_3_q1        |   in|    8|   ap_memory|           B_3|         array|
|C_address0    |  out|    8|   ap_memory|             C|         array|
|C_ce0         |  out|    1|   ap_memory|             C|         array|
|C_we0         |  out|    1|   ap_memory|             C|         array|
|C_d0          |  out|   32|   ap_memory|             C|         array|
+--------------+-----+-----+------------+--------------+--------------+

