

================================================================
== Vitis HLS Report for 'matmul'
================================================================
* Date:           Mon Aug  3 03:03:57 2026

* Version:        2022.2 (Build 3670227 on Oct 13 2022)
* Project:        p
* Solution:       s (Vivado IP Flow Target)
* Product family: zynq
* Target device:  xc7z007s-clg400-1


================================================================
== Performance Estimates
================================================================
+ Timing: 
    * Summary: 
    +--------+----------+----------+------------+
    |  Clock |  Target  | Estimated| Uncertainty|
    +--------+----------+----------+------------+
    |ap_clk  |  10.00 ns|  5.169 ns|     2.70 ns|
    +--------+----------+----------+------------+

+ Latency: 
    * Summary: 
    +---------+---------+----------+----------+-------+-------+---------+
    |  Latency (cycles) |  Latency (absolute) |    Interval   | Pipeline|
    |   min   |   max   |    min   |    max   |  min  |  max  |   Type  |
    +---------+---------+----------+----------+-------+-------+---------+
    |    21025|    21025|  0.210 ms|  0.210 ms|  21026|  21026|       no|
    +---------+---------+----------+----------+-------+-------+---------+

    + Detail: 
        * Instance: 
        N/A

        * Loop: 
        +-----------+---------+---------+----------+-----------+-----------+------+----------+
        |           |  Latency (cycles) | Iteration|  Initiation Interval  | Trip |          |
        | Loop Name |   min   |   max   |  Latency |  achieved |   target  | Count| Pipelined|
        +-----------+---------+---------+----------+-----------+-----------+------+----------+
        |- row      |    21024|    21024|      1314|          -|          -|    16|        no|
        | + col     |     1312|     1312|        82|          -|          -|    16|        no|
        |  ++ prod  |       80|       80|         5|          -|          -|    16|        no|
        +-----------+---------+---------+----------+-----------+-----------+------+----------+



================================================================
== Utilization Estimates
================================================================
* Summary: 
+-----------------+---------+----+-------+-------+-----+
|       Name      | BRAM_18K| DSP|   FF  |  LUT  | URAM|
+-----------------+---------+----+-------+-------+-----+
|DSP              |        -|   1|      -|      -|    -|
|Expression       |        -|   -|      0|    114|    -|
|FIFO             |        -|   -|      -|      -|    -|
|Instance         |        -|   -|      -|      -|    -|
|Memory           |        -|   -|      -|      -|    -|
|Multiplexer      |        -|   -|      -|     84|    -|
|Register         |        -|   -|     75|      -|    -|
+-----------------+---------+----+-------+-------+-----+
|Total            |        0|   1|     75|    198|    0|
+-----------------+---------+----+-------+-------+-----+
|Available        |      100|  66|  28800|  14400|    0|
+-----------------+---------+----+-------+-------+-----+
|Utilization (%)  |        0|   1|     ~0|      1|    0|
+-----------------+---------+----+-------+-------+-----+

+ Detail: 
    * Instance: 
    N/A

    * DSP: 
    +--------------------------------+-----------------------------+--------------+
    |            Instance            |            Module           |  Expression  |
    +--------------------------------+-----------------------------+--------------+
    |mac_muladd_8s_8s_20s_20_4_1_U1  |mac_muladd_8s_8s_20s_20_4_1  |  i0 * i1 + i2|
    +--------------------------------+-----------------------------+--------------+

    * Memory: 
    N/A

    * FIFO: 
    N/A

    * Expression: 
    +----------------------+----------+----+---+----+------------+------------+
    |     Variable Name    | Operation| DSP| FF| LUT| Bitwidth P0| Bitwidth P1|
    +----------------------+----------+----+---+----+------------+------------+
    |add_ln16_fu_152_p2    |         +|   0|  0|  13|           5|           1|
    |add_ln18_fu_178_p2    |         +|   0|  0|  13|           5|           1|
    |add_ln21_fu_230_p2    |         +|   0|  0|  13|           5|           1|
    |add_ln22_1_fu_214_p2  |         +|   0|  0|  15|           8|           8|
    |add_ln22_fu_196_p2    |         +|   0|  0|  15|           8|           8|
    |add_ln24_fu_162_p2    |         +|   0|  0|  15|           8|           8|
    |icmp_ln16_fu_146_p2   |      icmp|   0|  0|  10|           5|           6|
    |icmp_ln18_fu_172_p2   |      icmp|   0|  0|  10|           5|           6|
    |icmp_ln21_fu_224_p2   |      icmp|   0|  0|  10|           5|           6|
    +----------------------+----------+----+---+----+------------+------------+
    |Total                 |          |   0|  0| 114|          54|          45|
    +----------------------+----------+----+---+----+------------+------------+

    * Multiplexer: 
    +---------------+----+-----------+-----+-----------+
    |      Name     | LUT| Input Size| Bits| Total Bits|
    +---------------+----+-----------+-----+-----------+
    |acc_V_reg_114  |   9|          2|   20|         40|
    |ap_NS_fsm      |  48|          9|    1|          9|
    |i_fu_50        |   9|          2|    5|         10|
    |j_reg_92       |   9|          2|    5|         10|
    |k_reg_103      |   9|          2|    5|         10|
    +---------------+----+-----------+-----+-----------+
    |Total          |  84|         17|   36|         79|
    +---------------+----+-----------+-----+-----------+

    * Register: 
    +-------------------+----+----+-----+-----------+
    |        Name       | FF | LUT| Bits| Const Bits|
    +-------------------+----+----+-----+-----------+
    |C_addr_reg_283     |   8|   0|    8|          0|
    |acc_V_reg_114      |  20|   0|   20|          0|
    |add_ln16_reg_273   |   5|   0|    5|          0|
    |add_ln18_reg_291   |   5|   0|    5|          0|
    |add_ln21_reg_309   |   5|   0|    5|          0|
    |ap_CS_fsm          |   8|   0|    8|          0|
    |i_fu_50            |   5|   0|    5|          0|
    |j_reg_92           |   5|   0|    5|          0|
    |k_reg_103          |   5|   0|    5|          0|
    |tmp_reg_264        |   4|   0|    8|          4|
    |zext_ln24_reg_278  |   5|   0|    8|          3|
    +-------------------+----+----+-----+-----------+
    |Total              |  75|   0|   82|          7|
    +-------------------+----+----+-----+-----------+



================================================================
== Interface
================================================================
* Summary: 
+------------+-----+-----+------------+--------------+--------------+
|  RTL Ports | Dir | Bits|  Protocol  | Source Object|    C Type    |
+------------+-----+-----+------------+--------------+--------------+
|ap_clk      |   in|    1|  ap_ctrl_hs|        matmul|  return value|
|ap_rst      |   in|    1|  ap_ctrl_hs|        matmul|  return value|
|ap_start    |   in|    1|  ap_ctrl_hs|        matmul|  return value|
|ap_done     |  out|    1|  ap_ctrl_hs|        matmul|  return value|
|ap_idle     |  out|    1|  ap_ctrl_hs|        matmul|  return value|
|ap_ready    |  out|    1|  ap_ctrl_hs|        matmul|  return value|
|A_address0  |  out|    8|   ap_memory|             A|         array|
|A_ce0       |  out|    1|   ap_memory|             A|         array|
|A_q0        |   in|    8|   ap_memory|             A|         array|
|B_address0  |  out|    8|   ap_memory|             B|         array|
|B_ce0       |  out|    1|   ap_memory|             B|         array|
|B_q0        |   in|    8|   ap_memory|             B|         array|
|C_address0  |  out|    8|   ap_memory|             C|         array|
|C_ce0       |  out|    1|   ap_memory|             C|         array|
|C_we0       |  out|    1|   ap_memory|             C|         array|
|C_d0        |  out|   32|   ap_memory|             C|         array|
+------------+-----+-----+------------+--------------+--------------+

