

================================================================
== Synthesis Summary Report of 'seven_segment_axi'
================================================================
+ General Information: 
    * Date:           Fri Jul 31 20:45:16 2026
    * Version:        2022.2 (Build 3670227 on Oct 13 2022)
    * Project:        lab2_task1_hls
    * Solution:       solution1 (Vivado IP Flow Target)
    * Product family: zynq
    * Target device:  xc7z007s-clg400-1
    

+ Performance & Resource Estimates: 
    
    PS: '+' for module; 'o' for loop; '*' for dataflow
    +---------------------+------+------+---------+---------+----------+---------+------+----------+------+----+-----------+------------+-----+
    |       Modules       | Issue|      | Latency | Latency | Iteration|         | Trip |          |      |    |           |            |     |
    |       & Loops       | Type | Slack| (cycles)|   (ns)  |  Latency | Interval| Count| Pipelined| BRAM | DSP|     FF    |     LUT    | URAM|
    +---------------------+------+------+---------+---------+----------+---------+------+----------+------+----+-----------+------------+-----+
    |+ seven_segment_axi  |     -|  2.31|       44|  880.000|         -|        1|     -|       yes|     -|   -|  2469 (8%)|  1732 (12%)|    -|
    +---------------------+------+------+---------+---------+----------+---------+------+----------+------+----+-----------+------------+-----+


================================================================
== HW Interfaces
================================================================
* S_AXILITE Interfaces
+------------+------------+---------------+--------+----------+
| Interface  | Data Width | Address Width | Offset | Register |
+------------+------------+---------------+--------+----------+
| s_axi_CTRL | 32         | 6             | 16     | 0        |
+------------+------------+---------------+--------+----------+

* S_AXILITE Registers
+------------+----------+--------+-------+--------+-----------------------+
| Interface  | Register | Offset | Width | Access | Description           |
+------------+----------+--------+-------+--------+-----------------------+
| s_axi_CTRL | op1      | 0x10   | 32    | W      | Data signal of op1    |
| s_axi_CTRL | op2      | 0x18   | 32    | W      | Data signal of op2    |
| s_axi_CTRL | op_sel   | 0x20   | 32    | W      | Data signal of op_sel |
+------------+----------+--------+-------+--------+-----------------------+

* Other Ports
+-----------+---------+----------+
| Interface | Mode    | Bitwidth |
+-----------+---------+----------+
| an        | ap_none | 4        |
| seg       | ap_none | 8        |
+-----------+---------+----------+

* TOP LEVEL CONTROL
+-----------+--------------+----------+
| Interface | Type         | Ports    |
+-----------+--------------+----------+
| ap_clk    | clock        | ap_clk   |
| ap_rst_n  | reset        | ap_rst_n |
| ap_ctrl   | ap_ctrl_none |          |
+-----------+--------------+----------+


================================================================
== SW I/O Information
================================================================
* Top Function Arguments
+----------+-----------+-------------+
| Argument | Direction | Datatype    |
+----------+-----------+-------------+
| op1      | in        | ap_uint<7>  |
| op2      | in        | ap_uint<7>  |
| op_sel   | in        | ap_uint<2>  |
| seg      | out       | ap_uint<8>* |
| an       | out       | ap_uint<4>* |
+----------+-----------+-------------+

* SW-to-HW Mapping
+----------+--------------+----------+----------------------------------+
| Argument | HW Interface | HW Type  | HW Info                          |
+----------+--------------+----------+----------------------------------+
| op1      | s_axi_CTRL   | register | name=op1 offset=0x10 range=32    |
| op2      | s_axi_CTRL   | register | name=op2 offset=0x18 range=32    |
| op_sel   | s_axi_CTRL   | register | name=op_sel offset=0x20 range=32 |
| seg      | seg          | port     |                                  |
| an       | an           | port     |                                  |
+----------+--------------+----------+----------------------------------+


================================================================
== Bind Op Report
================================================================
+-------------------------+-----+--------+-------------+-----+--------+---------+
| Name                    | DSP | Pragma | Variable    | Op  | Impl   | Latency |
+-------------------------+-----+--------+-------------+-----+--------+---------+
| + seven_segment_axi     | 0   |        |             |     |        |         |
|   mul_7ns_7ns_14_1_1_U2 | -   |        | result_V_2  | mul | auto   | 0       |
|   result_V_1_fu_350_p2  | -   |        | result_V_1  | sub | fabric | 0       |
|   result_V_fu_366_p2    | -   |        | result_V    | add | fabric | 0       |
|   magnitude_V_fu_409_p2 | -   |        | magnitude_V | sub | fabric | 0       |
|   add_ln186_1_fu_310_p2 | -   |        | add_ln186_1 | add | fabric | 0       |
|   add_ln186_fu_380_p2   | -   |        | add_ln186   | add | fabric | 0       |
|   ret_V_1_fu_556_p2     | -   |        | ret_V_1     | add | fabric | 0       |
+-------------------------+-----+--------+-------------+-----+--------+---------+


================================================================
== Bind Storage Report
================================================================
  No bind storage info in design

================================================================
== Pragma Report
================================================================
* Valid Pragma Syntax
+-----------+-----------------------------------+----------------------------------------------------------------------+
| Type      | Options                           | Location                                                             |
+-----------+-----------------------------------+----------------------------------------------------------------------+
| interface | s_axilite port=op1 bundle=CTRL    | lab2_task1_hls/seven_segment_axi.cpp:50 in seven_segment_axi, op1    |
| interface | s_axilite port=op2 bundle=CTRL    | lab2_task1_hls/seven_segment_axi.cpp:51 in seven_segment_axi, op2    |
| interface | s_axilite port=op_sel bundle=CTRL | lab2_task1_hls/seven_segment_axi.cpp:52 in seven_segment_axi, op_sel |
| interface | ap_none port=seg                  | lab2_task1_hls/seven_segment_axi.cpp:53 in seven_segment_axi, seg    |
| interface | ap_none port=an                   | lab2_task1_hls/seven_segment_axi.cpp:54 in seven_segment_axi, an     |
| interface | ap_ctrl_none port=return          | lab2_task1_hls/seven_segment_axi.cpp:55 in seven_segment_axi, return |
| pipeline  | II=1                              | lab2_task1_hls/seven_segment_axi.cpp:58 in seven_segment_axi         |
+-----------+-----------------------------------+----------------------------------------------------------------------+


