

================================================================
== Vitis HLS Report for 'seven_segment_axi'
================================================================
* Date:           Fri Jul 31 20:45:16 2026

* Version:        2022.2 (Build 3670227 on Oct 13 2022)
* Project:        lab2_task1_hls
* Solution:       solution1 (Vivado IP Flow Target)
* Product family: zynq
* Target device:  xc7z007s-clg400-1


================================================================
== Performance Estimates
================================================================
+ Timing: 
    * Summary: 
    +--------+----------+-----------+------------+
    |  Clock |  Target  | Estimated | Uncertainty|
    +--------+----------+-----------+------------+
    |ap_clk  |  20.00 ns|  12.286 ns|     5.40 ns|
    +--------+----------+-----------+------------+

+ Latency: 
    * Summary: 
    +---------+---------+----------+----------+-----+-----+---------+
    |  Latency (cycles) |  Latency (absolute) |  Interval | Pipeline|
    |   min   |   max   |    min   |    max   | min | max |   Type  |
    +---------+---------+----------+----------+-----+-----+---------+
    |       44|       44|  0.880 us|  0.880 us|    1|    1|      yes|
    +---------+---------+----------+----------+-----+-----+---------+

    + Detail: 
        * Instance: 
        N/A

        * Loop: 
        N/A



================================================================
== Utilization Estimates
================================================================
* Summary: 
+-----------------+---------+----+-------+-------+-----+
|       Name      | BRAM_18K| DSP|   FF  |  LUT  | URAM|
+-----------------+---------+----+-------+-------+-----+
|DSP              |        -|   -|      -|      -|    -|
|Expression       |        -|   -|      0|    283|    -|
|FIFO             |        -|   -|      -|      -|    -|
|Instance         |        0|   0|   1260|    985|    -|
|Memory           |        -|   -|      -|      -|    -|
|Multiplexer      |        -|   -|      -|    176|    -|
|Register         |        -|   -|   1209|    288|    -|
+-----------------+---------+----+-------+-------+-----+
|Total            |        0|   0|   2469|   1732|    0|
+-----------------+---------+----+-------+-------+-----+
|Available        |      100|  66|  28800|  14400|    0|
+-----------------+---------+----+-------+-------+-----+
|Utilization (%)  |        0|   0|      8|     12|    0|
+-----------------+---------+----+-------+-------+-----+

+ Detail: 
    * Instance: 
    +---------------------------+------------------------+---------+----+-----+-----+-----+
    |          Instance         |         Module         | BRAM_18K| DSP|  FF | LUT | URAM|
    +---------------------------+------------------------+---------+----+-----+-----+-----+
    |CTRL_s_axi_U               |CTRL_s_axi              |        0|   0|   64|   72|    0|
    |mul_7ns_7ns_14_1_1_U2      |mul_7ns_7ns_14_1_1      |        0|   0|    0|   33|    0|
    |udiv_14ns_10ns_14_18_1_U3  |udiv_14ns_10ns_14_18_1  |        0|   0|  517|  389|    0|
    |udiv_7ns_7ns_7_11_1_U1     |udiv_7ns_7ns_7_11_1     |        0|   0|  162|  102|    0|
    |urem_14ns_5ns_4_18_1_U4    |urem_14ns_5ns_4_18_1    |        0|   0|  517|  389|    0|
    +---------------------------+------------------------+---------+----+-----+-----+-----+
    |Total                      |                        |        0|   0| 1260|  985|    0|
    +---------------------------+------------------------+---------+----+-----+-----+-----+

    * DSP: 
    N/A

    * Memory: 
    N/A

    * FIFO: 
    N/A

    * Expression: 
    +--------------------------+----------+----+---+----+------------+------------+
    |       Variable Name      | Operation| DSP| FF| LUT| Bitwidth P0| Bitwidth P1|
    +--------------------------+----------+----+---+----+------------+------------+
    |add_ln186_1_fu_310_p2     |         +|   0|  0|  23|          16|           1|
    |add_ln186_fu_380_p2       |         +|   0|  0|  10|           2|           1|
    |result_V_fu_366_p2        |         +|   0|  0|  15|           8|           8|
    |ret_V_1_fu_556_p2         |         +|   0|  0|  11|           3|           1|
    |magnitude_V_fu_409_p2     |         -|   0|  0|  17|           1|          14|
    |result_V_1_fu_350_p2      |         -|   0|  0|  15|           8|           8|
    |and_ln1031_fu_518_p2      |       and|   0|  0|   2|           1|           1|
    |and_ln90_fu_481_p2        |       and|   0|  0|   2|           1|           1|
    |ap_condition_1075         |       and|   0|  0|   2|           1|           1|
    |ap_condition_423          |       and|   0|  0|   2|           1|           1|
    |icmp_ln1019_1_fu_304_p2   |      icmp|   0|  0|  13|          16|          15|
    |icmp_ln1019_2_fu_566_p2   |      icmp|   0|  0|   8|           3|           3|
    |icmp_ln1019_fu_288_p2     |      icmp|   0|  0|  10|           7|           1|
    |icmp_ln1031_fu_498_p2     |      icmp|   0|  0|  12|          14|           7|
    |icmp_ln1035_1_fu_476_p2   |      icmp|   0|  0|  12|          14|          10|
    |icmp_ln1035_fu_471_p2     |      icmp|   0|  0|  12|          14|          14|
    |icmp_ln1039_fu_546_p2     |      icmp|   0|  0|   8|           2|           2|
    |icmp_ln115_1_fu_429_p2    |      icmp|   0|  0|   8|           2|           1|
    |icmp_ln115_2_fu_572_p2    |      icmp|   0|  0|   8|           2|           1|
    |icmp_ln115_fu_423_p2      |      icmp|   0|  0|   8|           2|           3|
    |msd_pos_V_fu_503_p2       |      icmp|   0|  0|  12|          14|           4|
    |error_1_fu_492_p2         |        or|   0|  0|   2|           1|           1|
    |or_ln1031_fu_532_p2       |        or|   0|  0|   2|           1|           1|
    |or_ln115_fu_443_p2        |        or|   0|  0|   2|           1|           1|
    |or_ln90_fu_486_p2         |        or|   0|  0|   2|           1|           1|
    |grp_fu_465_p0             |    select|   0|  0|  14|           1|          14|
    |grp_fu_585_p0             |    select|   0|  0|  14|           1|          14|
    |msd_pos_V_2_fu_538_p3     |    select|   0|  0|   2|           1|           2|
    |select_ln1031_fu_524_p3   |    select|   0|  0|   3|           1|           3|
    |select_ln115_1_fu_449_p3  |    select|   0|  0|   8|           1|           8|
    |select_ln115_fu_435_p3    |    select|   0|  0|   7|           1|           4|
    |r_V_1_fu_608_p2           |       shl|   0|  0|   9|           1|           4|
    |an                        |       xor|   0|  0|   4|           4|           2|
    |ap_enable_pp0             |       xor|   0|  0|   2|           1|           2|
    |xor_ln1035_fu_512_p2      |       xor|   0|  0|   2|           1|           2|
    +--------------------------+----------+----+---+----+------------+------------+
    |Total                     |          |   0|  0| 283|         149|         157|
    +--------------------------+----------+----+---+----+------------+------------+

    * Multiplexer: 
    +-------------------------------------------+----+-----------+-----+-----------+
    |                    Name                   | LUT| Input Size| Bits| Total Bits|
    +-------------------------------------------+----+-----------+-----+-----------+
    |ap_phi_mux_r_V_phi_fu_234_p22              |  65|         12|    7|         84|
    |ap_phi_mux_result_V_4_phi_fu_186_p10       |   9|          2|   15|         30|
    |ap_phi_mux_storemerge4_phi_fu_274_p8       |   9|          2|    8|         16|
    |ap_phi_reg_pp0_iter10_error_reg_209        |   9|          2|    1|          2|
    |ap_phi_reg_pp0_iter10_pos_wide_reg_199     |  14|          3|    2|          6|
    |ap_phi_reg_pp0_iter10_result_V_4_reg_182   |  20|          4|   15|         60|
    |ap_phi_reg_pp0_iter11_error_reg_209        |   9|          2|    1|          2|
    |ap_phi_reg_pp0_iter12_storemerge4_reg_269  |  14|          3|    8|         24|
    |ap_phi_reg_pp0_iter1_error_reg_209         |   9|          2|    1|          2|
    |ap_phi_reg_pp0_iter1_result_V_4_reg_182    |   9|          2|   15|         30|
    |tick_V                                     |   9|          2|   16|         32|
    +-------------------------------------------+----+-----------+-----+-----------+
    |Total                                      | 176|         36|   89|        288|
    +-------------------------------------------+----+-----------+-----+-----------+

    * Register: 
    +-------------------------------------------+----+----+-----+-----------+
    |                    Name                   | FF | LUT| Bits| Const Bits|
    +-------------------------------------------+----+----+-----+-----------+
    |ap_CS_fsm                                  |   1|   0|    1|          0|
    |ap_enable_reg_pp0_iter1                    |   1|   0|    1|          0|
    |ap_enable_reg_pp0_iter10                   |   1|   0|    1|          0|
    |ap_enable_reg_pp0_iter11                   |   1|   0|    1|          0|
    |ap_enable_reg_pp0_iter12                   |   1|   0|    1|          0|
    |ap_enable_reg_pp0_iter13                   |   1|   0|    1|          0|
    |ap_enable_reg_pp0_iter14                   |   1|   0|    1|          0|
    |ap_enable_reg_pp0_iter15                   |   1|   0|    1|          0|
    |ap_enable_reg_pp0_iter16                   |   1|   0|    1|          0|
    |ap_enable_reg_pp0_iter17                   |   1|   0|    1|          0|
    |ap_enable_reg_pp0_iter18                   |   1|   0|    1|          0|
    |ap_enable_reg_pp0_iter19                   |   1|   0|    1|          0|
    |ap_enable_reg_pp0_iter2                    |   1|   0|    1|          0|
    |ap_enable_reg_pp0_iter20                   |   1|   0|    1|          0|
    |ap_enable_reg_pp0_iter21                   |   1|   0|    1|          0|
    |ap_enable_reg_pp0_iter22                   |   1|   0|    1|          0|
    |ap_enable_reg_pp0_iter23                   |   1|   0|    1|          0|
    |ap_enable_reg_pp0_iter24                   |   1|   0|    1|          0|
    |ap_enable_reg_pp0_iter25                   |   1|   0|    1|          0|
    |ap_enable_reg_pp0_iter26                   |   1|   0|    1|          0|
    |ap_enable_reg_pp0_iter27                   |   1|   0|    1|          0|
    |ap_enable_reg_pp0_iter28                   |   1|   0|    1|          0|
    |ap_enable_reg_pp0_iter29                   |   1|   0|    1|          0|
    |ap_enable_reg_pp0_iter3                    |   1|   0|    1|          0|
    |ap_enable_reg_pp0_iter30                   |   1|   0|    1|          0|
    |ap_enable_reg_pp0_iter31                   |   1|   0|    1|          0|
    |ap_enable_reg_pp0_iter32                   |   1|   0|    1|          0|
    |ap_enable_reg_pp0_iter33                   |   1|   0|    1|          0|
    |ap_enable_reg_pp0_iter34                   |   1|   0|    1|          0|
    |ap_enable_reg_pp0_iter35                   |   1|   0|    1|          0|
    |ap_enable_reg_pp0_iter36                   |   1|   0|    1|          0|
    |ap_enable_reg_pp0_iter37                   |   1|   0|    1|          0|
    |ap_enable_reg_pp0_iter38                   |   1|   0|    1|          0|
    |ap_enable_reg_pp0_iter39                   |   1|   0|    1|          0|
    |ap_enable_reg_pp0_iter4                    |   1|   0|    1|          0|
    |ap_enable_reg_pp0_iter40                   |   1|   0|    1|          0|
    |ap_enable_reg_pp0_iter41                   |   1|   0|    1|          0|
    |ap_enable_reg_pp0_iter42                   |   1|   0|    1|          0|
    |ap_enable_reg_pp0_iter43                   |   1|   0|    1|          0|
    |ap_enable_reg_pp0_iter44                   |   1|   0|    1|          0|
    |ap_enable_reg_pp0_iter5                    |   1|   0|    1|          0|
    |ap_enable_reg_pp0_iter6                    |   1|   0|    1|          0|
    |ap_enable_reg_pp0_iter7                    |   1|   0|    1|          0|
    |ap_enable_reg_pp0_iter8                    |   1|   0|    1|          0|
    |ap_enable_reg_pp0_iter9                    |   1|   0|    1|          0|
    |ap_phi_reg_pp0_iter10_error_reg_209        |   1|   0|    1|          0|
    |ap_phi_reg_pp0_iter10_pos_wide_reg_199     |   2|   0|    2|          0|
    |ap_phi_reg_pp0_iter10_result_V_4_reg_182   |  15|   0|   15|          0|
    |ap_phi_reg_pp0_iter10_storemerge4_reg_269  |   8|   0|    8|          0|
    |ap_phi_reg_pp0_iter11_error_reg_209        |   1|   0|    1|          0|
    |ap_phi_reg_pp0_iter11_storemerge4_reg_269  |   8|   0|    8|          0|
    |ap_phi_reg_pp0_iter12_storemerge4_reg_269  |   8|   0|    8|          0|
    |ap_phi_reg_pp0_iter13_storemerge4_reg_269  |   8|   0|    8|          0|
    |ap_phi_reg_pp0_iter14_storemerge4_reg_269  |   8|   0|    8|          0|
    |ap_phi_reg_pp0_iter15_storemerge4_reg_269  |   8|   0|    8|          0|
    |ap_phi_reg_pp0_iter16_storemerge4_reg_269  |   8|   0|    8|          0|
    |ap_phi_reg_pp0_iter17_storemerge4_reg_269  |   8|   0|    8|          0|
    |ap_phi_reg_pp0_iter18_storemerge4_reg_269  |   8|   0|    8|          0|
    |ap_phi_reg_pp0_iter19_storemerge4_reg_269  |   8|   0|    8|          0|
    |ap_phi_reg_pp0_iter1_error_reg_209         |   1|   0|    1|          0|
    |ap_phi_reg_pp0_iter1_pos_wide_reg_199      |   2|   0|    2|          0|
    |ap_phi_reg_pp0_iter1_result_V_4_reg_182    |  15|   0|   15|          0|
    |ap_phi_reg_pp0_iter1_storemerge4_reg_269   |   8|   0|    8|          0|
    |ap_phi_reg_pp0_iter20_storemerge4_reg_269  |   8|   0|    8|          0|
    |ap_phi_reg_pp0_iter21_storemerge4_reg_269  |   8|   0|    8|          0|
    |ap_phi_reg_pp0_iter22_storemerge4_reg_269  |   8|   0|    8|          0|
    |ap_phi_reg_pp0_iter23_storemerge4_reg_269  |   8|   0|    8|          0|
    |ap_phi_reg_pp0_iter24_storemerge4_reg_269  |   8|   0|    8|          0|
    |ap_phi_reg_pp0_iter25_storemerge4_reg_269  |   8|   0|    8|          0|
    |ap_phi_reg_pp0_iter26_storemerge4_reg_269  |   8|   0|    8|          0|
    |ap_phi_reg_pp0_iter27_storemerge4_reg_269  |   8|   0|    8|          0|
    |ap_phi_reg_pp0_iter28_storemerge4_reg_269  |   8|   0|    8|          0|
    |ap_phi_reg_pp0_iter29_storemerge4_reg_269  |   8|   0|    8|          0|
    |ap_phi_reg_pp0_iter2_error_reg_209         |   1|   0|    1|          0|
    |ap_phi_reg_pp0_iter2_pos_wide_reg_199      |   2|   0|    2|          0|
    |ap_phi_reg_pp0_iter2_result_V_4_reg_182    |  15|   0|   15|          0|
    |ap_phi_reg_pp0_iter2_storemerge4_reg_269   |   8|   0|    8|          0|
    |ap_phi_reg_pp0_iter30_storemerge4_reg_269  |   8|   0|    8|          0|
    |ap_phi_reg_pp0_iter31_storemerge4_reg_269  |   8|   0|    8|          0|
    |ap_phi_reg_pp0_iter32_storemerge4_reg_269  |   8|   0|    8|          0|
    |ap_phi_reg_pp0_iter33_storemerge4_reg_269  |   8|   0|    8|          0|
    |ap_phi_reg_pp0_iter34_storemerge4_reg_269  |   8|   0|    8|          0|
    |ap_phi_reg_pp0_iter35_storemerge4_reg_269  |   8|   0|    8|          0|
    |ap_phi_reg_pp0_iter36_storemerge4_reg_269  |   8|   0|    8|          0|
    |ap_phi_reg_pp0_iter37_storemerge4_reg_269  |   8|   0|    8|          0|
    |ap_phi_reg_pp0_iter38_storemerge4_reg_269  |   8|   0|    8|          0|
    |ap_phi_reg_pp0_iter39_storemerge4_reg_269  |   8|   0|    8|          0|
    |ap_phi_reg_pp0_iter3_error_reg_209         |   1|   0|    1|          0|
    |ap_phi_reg_pp0_iter3_pos_wide_reg_199      |   2|   0|    2|          0|
    |ap_phi_reg_pp0_iter3_result_V_4_reg_182    |  15|   0|   15|          0|
    |ap_phi_reg_pp0_iter3_storemerge4_reg_269   |   8|   0|    8|          0|
    |ap_phi_reg_pp0_iter40_storemerge4_reg_269  |   8|   0|    8|          0|
    |ap_phi_reg_pp0_iter41_storemerge4_reg_269  |   8|   0|    8|          0|
    |ap_phi_reg_pp0_iter42_storemerge4_reg_269  |   8|   0|    8|          0|
    |ap_phi_reg_pp0_iter43_storemerge4_reg_269  |   8|   0|    8|          0|
    |ap_phi_reg_pp0_iter44_storemerge4_reg_269  |   8|   0|    8|          0|
    |ap_phi_reg_pp0_iter4_error_reg_209         |   1|   0|    1|          0|
    |ap_phi_reg_pp0_iter4_pos_wide_reg_199      |   2|   0|    2|          0|
    |ap_phi_reg_pp0_iter4_result_V_4_reg_182    |  15|   0|   15|          0|
    |ap_phi_reg_pp0_iter4_storemerge4_reg_269   |   8|   0|    8|          0|
    |ap_phi_reg_pp0_iter5_error_reg_209         |   1|   0|    1|          0|
    |ap_phi_reg_pp0_iter5_pos_wide_reg_199      |   2|   0|    2|          0|
    |ap_phi_reg_pp0_iter5_result_V_4_reg_182    |  15|   0|   15|          0|
    |ap_phi_reg_pp0_iter5_storemerge4_reg_269   |   8|   0|    8|          0|
    |ap_phi_reg_pp0_iter6_error_reg_209         |   1|   0|    1|          0|
    |ap_phi_reg_pp0_iter6_pos_wide_reg_199      |   2|   0|    2|          0|
    |ap_phi_reg_pp0_iter6_result_V_4_reg_182    |  15|   0|   15|          0|
    |ap_phi_reg_pp0_iter6_storemerge4_reg_269   |   8|   0|    8|          0|
    |ap_phi_reg_pp0_iter7_error_reg_209         |   1|   0|    1|          0|
    |ap_phi_reg_pp0_iter7_pos_wide_reg_199      |   2|   0|    2|          0|
    |ap_phi_reg_pp0_iter7_result_V_4_reg_182    |  15|   0|   15|          0|
    |ap_phi_reg_pp0_iter7_storemerge4_reg_269   |   8|   0|    8|          0|
    |ap_phi_reg_pp0_iter8_error_reg_209         |   1|   0|    1|          0|
    |ap_phi_reg_pp0_iter8_pos_wide_reg_199      |   2|   0|    2|          0|
    |ap_phi_reg_pp0_iter8_result_V_4_reg_182    |  15|   0|   15|          0|
    |ap_phi_reg_pp0_iter8_storemerge4_reg_269   |   8|   0|    8|          0|
    |ap_phi_reg_pp0_iter9_error_reg_209         |   1|   0|    1|          0|
    |ap_phi_reg_pp0_iter9_pos_wide_reg_199      |   2|   0|    2|          0|
    |ap_phi_reg_pp0_iter9_result_V_4_reg_182    |  15|   0|   15|          0|
    |ap_phi_reg_pp0_iter9_storemerge4_reg_269   |   8|   0|    8|          0|
    |error_1_reg_694                            |   1|   0|    1|          0|
    |icmp_ln1019_1_reg_645                      |   1|   0|    1|          0|
    |icmp_ln1019_reg_641                        |   1|   0|    1|          0|
    |icmp_ln1039_reg_698                        |   1|   0|    1|          0|
    |magnitude_V_2_reg_679                      |  14|   0|   14|          0|
    |negative_reg_674                           |   1|   0|    1|          0|
    |op1_read_reg_633                           |   7|   0|    7|          0|
    |op2_read_reg_625                           |   7|   0|    7|          0|
    |op_sel_read_reg_621                        |   2|   0|    2|          0|
    |pos_V                                      |   2|   0|    2|          0|
    |pos_wide_reg_199                           |   2|   0|    2|          0|
    |tick_V                                     |  16|   0|   16|          0|
    |error_1_reg_694                            |  64|  32|    1|          0|
    |icmp_ln1019_1_reg_645                      |  64|  32|    1|          0|
    |icmp_ln1019_reg_641                        |  64|  32|    1|          0|
    |icmp_ln1039_reg_698                        |  64|  32|    1|          0|
    |magnitude_V_2_reg_679                      |  64|  32|   14|          0|
    |op1_read_reg_633                           |  64|  32|    7|          0|
    |op2_read_reg_625                           |  64|  32|    7|          0|
    |op_sel_read_reg_621                        |  64|  32|    2|          0|
    |pos_wide_reg_199                           |  64|  32|    2|          0|
    +-------------------------------------------+----+----+-----+-----------+
    |Total                                      |1209| 288|  669|          0|
    +-------------------------------------------+----+----+-----+-----------+



================================================================
== Interface
================================================================
* Summary: 
+--------------------+-----+-----+--------------+-------------------+--------------+
|      RTL Ports     | Dir | Bits|   Protocol   |   Source Object   |    C Type    |
+--------------------+-----+-----+--------------+-------------------+--------------+
|s_axi_CTRL_AWVALID  |   in|    1|         s_axi|               CTRL|        scalar|
|s_axi_CTRL_AWREADY  |  out|    1|         s_axi|               CTRL|        scalar|
|s_axi_CTRL_AWADDR   |   in|    6|         s_axi|               CTRL|        scalar|
|s_axi_CTRL_WVALID   |   in|    1|         s_axi|               CTRL|        scalar|
|s_axi_CTRL_WREADY   |  out|    1|         s_axi|               CTRL|        scalar|
|s_axi_CTRL_WDATA    |   in|   32|         s_axi|               CTRL|        scalar|
|s_axi_CTRL_WSTRB    |   in|    4|         s_axi|               CTRL|        scalar|
|s_axi_CTRL_ARVALID  |   in|    1|         s_axi|               CTRL|        scalar|
|s_axi_CTRL_ARREADY  |  out|    1|         s_axi|               CTRL|        scalar|
|s_axi_CTRL_ARADDR   |   in|    6|         s_axi|               CTRL|        scalar|
|s_axi_CTRL_RVALID   |  out|    1|         s_axi|               CTRL|        scalar|
|s_axi_CTRL_RREADY   |   in|    1|         s_axi|               CTRL|        scalar|
|s_axi_CTRL_RDATA    |  out|   32|         s_axi|               CTRL|        scalar|
|s_axi_CTRL_RRESP    |  out|    2|         s_axi|               CTRL|        scalar|
|s_axi_CTRL_BVALID   |  out|    1|         s_axi|               CTRL|        scalar|
|s_axi_CTRL_BREADY   |   in|    1|         s_axi|               CTRL|        scalar|
|s_axi_CTRL_BRESP    |  out|    2|         s_axi|               CTRL|        scalar|
|ap_clk              |   in|    1|  ap_ctrl_none|  seven_segment_axi|  return value|
|ap_rst_n            |   in|    1|  ap_ctrl_none|  seven_segment_axi|  return value|
|seg                 |  out|    8|       ap_none|                seg|       pointer|
|an                  |  out|    4|       ap_none|                 an|       pointer|
+--------------------+-----+-----+--------------+-------------------+--------------+

