

================================================================
== Vitis HLS Report for 'matmul'
================================================================
* Date:           Mon Aug  3 03:06:00 2026

* Version:        2022.2 (Build 3670227 on Oct 13 2022)
* Project:        prj
* Solution:       sol (Vivado IP Flow Target)
* Product family: zynq
* Target device:  xc7z007s-clg400-1


================================================================
== Performance Estimates
================================================================
+ Timing: 
    * Summary: 
    +--------+----------+----------+------------+
    |  Clock |  Target  | Estimated| Uncertainty|
    +--------+----------+----------+------------+
    |ap_clk  |  10.00 ns|  6.343 ns|     2.70 ns|
    +--------+----------+----------+------------+

+ Latency: 
    * Summary: 
    +---------+---------+-----------+-----------+------+------+---------+
    |  Latency (cycles) |   Latency (absolute)  |   Interval  | Pipeline|
    |   min   |   max   |    min    |    max    |  min |  max |   Type  |
    +---------+---------+-----------+-----------+------+------+---------+
    |     2057|     2057|  20.570 us|  20.570 us|  2058|  2058|       no|
    +---------+---------+-----------+-----------+------+------+---------+

    + Detail: 
        * Instance: 
        N/A

        * Loop: 
        +-----------+---------+---------+----------+-----------+-----------+------+----------+
        |           |  Latency (cycles) | Iteration|  Initiation Interval  | Trip |          |
        | Loop Name |   min   |   max   |  Latency |  achieved |   target  | Count| Pipelined|
        +-----------+---------+---------+----------+-----------+-----------+------+----------+
        |- row_col  |     2055|     2055|        16|          8|          1|   256|       yes|
        +-----------+---------+---------+----------+-----------+-----------+------+----------+



================================================================
== Utilization Estimates
================================================================
* Summary: 
+-----------------+---------+----+-------+-------+-----+
|       Name      | BRAM_18K| DSP|   FF  |  LUT  | URAM|
+-----------------+---------+----+-------+-------+-----+
|DSP              |        -|   8|      -|      -|    -|
|Expression       |        -|   -|      0|    506|    -|
|FIFO             |        -|   -|      -|      -|    -|
|Instance         |        -|   0|      0|    328|    -|
|Memory           |        -|   -|      -|      -|    -|
|Multiplexer      |        -|   -|      -|    426|    -|
|Register         |        -|   -|    373|      -|    -|
+-----------------+---------+----+-------+-------+-----+
|Total            |        0|   8|    373|   1260|    0|
+-----------------+---------+----+-------+-------+-----+
|Available        |      100|  66|  28800|  14400|    0|
+-----------------+---------+----+-------+-------+-----+
|Utilization (%)  |        0|  12|      1|      8|    0|
+-----------------+---------+----+-------+-------+-----+

+ Detail: 
    * Instance: 
    +---------------------+------------------+---------+----+---+----+-----+
    |       Instance      |      Module      | BRAM_18K| DSP| FF| LUT| URAM|
    +---------------------+------------------+---------+----+---+----+-----+
    |mul_8s_8s_16_1_1_U1  |mul_8s_8s_16_1_1  |        0|   0|  0|  41|    0|
    |mul_8s_8s_16_1_1_U2  |mul_8s_8s_16_1_1  |        0|   0|  0|  41|    0|
    |mul_8s_8s_16_1_1_U3  |mul_8s_8s_16_1_1  |        0|   0|  0|  41|    0|
    |mul_8s_8s_16_1_1_U4  |mul_8s_8s_16_1_1  |        0|   0|  0|  41|    0|
    |mul_8s_8s_16_1_1_U5  |mul_8s_8s_16_1_1  |        0|   0|  0|  41|    0|
    |mul_8s_8s_16_1_1_U6  |mul_8s_8s_16_1_1  |        0|   0|  0|  41|    0|
    |mul_8s_8s_16_1_1_U7  |mul_8s_8s_16_1_1  |        0|   0|  0|  41|    0|
    |mul_8s_8s_16_1_1_U8  |mul_8s_8s_16_1_1  |        0|   0|  0|  41|    0|
    +---------------------+------------------+---------+----+---+----+-----+
    |Total                |                  |        0|   0|  0| 328|    0|
    +---------------------+------------------+---------+----+---+----+-----+

    * DSP: 
    +---------------------------------+-----------------------------+--------------+
    |             Instance            |            Module           |  Expression  |
    +---------------------------------+-----------------------------+--------------+
    |mac_muladd_8s_8s_16s_17_4_1_U9   |mac_muladd_8s_8s_16s_17_4_1  |  i0 + i1 * i2|
    |mac_muladd_8s_8s_16s_17_4_1_U10  |mac_muladd_8s_8s_16s_17_4_1  |  i0 + i1 * i2|
    |mac_muladd_8s_8s_16s_17_4_1_U11  |mac_muladd_8s_8s_16s_17_4_1  |  i0 + i1 * i2|
    |mac_muladd_8s_8s_16s_17_4_1_U12  |mac_muladd_8s_8s_16s_17_4_1  |  i0 + i1 * i2|
    |mac_muladd_8s_8s_16s_17_4_1_U13  |mac_muladd_8s_8s_16s_17_4_1  |  i0 + i1 * i2|
    |mac_muladd_8s_8s_16s_17_4_1_U14  |mac_muladd_8s_8s_16s_17_4_1  |  i0 + i1 * i2|
    |mac_muladd_8s_8s_16s_17_4_1_U15  |mac_muladd_8s_8s_16s_17_4_1  |  i0 + i1 * i2|
    |mac_muladd_8s_8s_16s_17_4_1_U16  |mac_muladd_8s_8s_16s_17_4_1  |  i0 + i1 * i2|
    +---------------------------------+-----------------------------+--------------+

    * Memory: 
    N/A

    * FIFO: 
    N/A

    * Expression: 
    +--------------------------+----------+----+---+----+------------+------------+
    |       Variable Name      | Operation| DSP| FF| LUT| Bitwidth P0| Bitwidth P1|
    +--------------------------+----------+----+---+----+------------+------------+
    |acc_V_1_fu_1225_p2        |         +|   0|  0|  27|          20|          20|
    |add_ln16_1_fu_506_p2      |         +|   0|  0|  14|           9|           1|
    |add_ln16_fu_515_p2        |         +|   0|  0|  13|           5|           1|
    |add_ln18_fu_572_p2        |         +|   0|  0|  13|           5|           1|
    |add_ln23_1_fu_618_p2      |         +|   0|  0|  14|           7|           6|
    |add_ln23_2_fu_629_p2      |         +|   0|  0|  14|           7|           7|
    |add_ln23_3_fu_665_p2      |         +|   0|  0|  15|           8|           7|
    |add_ln23_4_fu_676_p2      |         +|   0|  0|  15|           8|           8|
    |add_ln23_5_fu_716_p2      |         +|   0|  0|  15|           8|           8|
    |add_ln23_fu_949_p2        |         +|   0|  0|  14|           6|           5|
    |add_ln25_fu_734_p2        |         +|   0|  0|  15|           8|           8|
    |add_ln840_12_fu_1174_p2   |         +|   0|  0|  25|          18|          18|
    |add_ln840_13_fu_1184_p2   |         +|   0|  0|  26|          19|          19|
    |add_ln840_2_fu_1196_p2    |         +|   0|  0|  25|          18|          18|
    |add_ln840_5_fu_1065_p2    |         +|   0|  0|  25|          18|          18|
    |add_ln840_6_fu_1209_p2    |         +|   0|  0|  26|          19|          19|
    |add_ln840_9_fu_1127_p2    |         +|   0|  0|  25|          18|          18|
    |ap_condition_463          |       and|   0|  0|   2|           1|           1|
    |icmp_ln16_fu_500_p2       |      icmp|   0|  0|  11|           9|          10|
    |icmp_ln18_fu_525_p2       |      icmp|   0|  0|  10|           5|           6|
    |or_ln16_10_fu_651_p2      |        or|   0|  0|   8|           8|           4|
    |or_ln16_11_fu_919_p2      |        or|   0|  0|   8|           8|           4|
    |or_ln16_12_fu_694_p2      |        or|   0|  0|   8|           8|           4|
    |or_ln16_13_fu_935_p2      |        or|   0|  0|   8|           8|           4|
    |or_ln16_14_fu_705_p2      |        or|   0|  0|   8|           8|           4|
    |or_ln16_1_fu_750_p2       |        or|   0|  0|   8|           8|           2|
    |or_ln16_2_fu_561_p2       |        or|   0|  0|   8|           8|           2|
    |or_ln16_3_fu_793_p2       |        or|   0|  0|   8|           8|           3|
    |or_ln16_4_fu_593_p2       |        or|   0|  0|   8|           8|           3|
    |or_ln16_5_fu_808_p2       |        or|   0|  0|   8|           8|           3|
    |or_ln16_6_fu_604_p2       |        or|   0|  0|   8|           8|           3|
    |or_ln16_7_fu_851_p2       |        or|   0|  0|   8|           8|           4|
    |or_ln16_8_fu_640_p2       |        or|   0|  0|   8|           8|           4|
    |or_ln16_9_fu_862_p2       |        or|   0|  0|   8|           8|           4|
    |or_ln16_fu_739_p2         |        or|   0|  0|   8|           8|           1|
    |grp_fu_409_p3             |    select|   0|  0|   8|           1|           8|
    |grp_fu_414_p3             |    select|   0|  0|   8|           1|           8|
    |select_ln16_1_fu_549_p3   |    select|   0|  0|   5|           1|           5|
    |select_ln16_31_fu_930_p3  |    select|   0|  0|   8|           1|           8|
    |select_ln16_fu_532_p3     |    select|   0|  0|   5|           1|           1|
    |ap_enable_pp0             |       xor|   0|  0|   2|           1|           2|
    |xor_ln23_fu_1002_p2       |       xor|   0|  0|   6|           5|           6|
    +--------------------------+----------+----+---+----+------------+------------+
    |Total                     |          |   0|  0| 506|         347|         286|
    +--------------------------+----------+----+---+----+------------+------------+

    * Multiplexer: 
    +--------------------------------------+----+-----------+-----+-----------+
    |                 Name                 | LUT| Input Size| Bits| Total Bits|
    +--------------------------------------+----+-----------+-----+-----------+
    |A_address0                            |  48|          9|    8|         72|
    |A_address1                            |  48|          9|    8|         72|
    |B_address0                            |  48|          9|    8|         72|
    |B_address1                            |  48|          9|    8|         72|
    |ap_NS_fsm                             |  48|          9|    1|          9|
    |ap_done_int                           |   9|          2|    1|          2|
    |ap_enable_reg_pp0_iter0               |   9|          2|    1|          2|
    |ap_enable_reg_pp0_iter1               |   9|          2|    1|          2|
    |ap_sig_allocacmp_i_1                  |   9|          2|    5|         10|
    |ap_sig_allocacmp_indvar_flatten_load  |   9|          2|    9|         18|
    |ap_sig_allocacmp_j_load               |   9|          2|    5|         10|
    |grp_fu_409_p0                         |  14|          3|    1|          3|
    |grp_fu_409_p1                         |  14|          3|    8|         24|
    |grp_fu_409_p2                         |  14|          3|    8|         24|
    |i_fu_114                              |   9|          2|    5|         10|
    |indvar_flatten_fu_118                 |   9|          2|    9|         18|
    |j_fu_110                              |   9|          2|    5|         10|
    |reg_423                               |   9|          2|    8|         16|
    |reg_432                               |   9|          2|    8|         16|
    |reg_437                               |   9|          2|    8|         16|
    |reg_442                               |   9|          2|    8|         16|
    |reg_447                               |   9|          2|    8|         16|
    |reg_452                               |   9|          2|    8|         16|
    |reg_457                               |   9|          2|    8|         16|
    +--------------------------------------+----+-----------+-----+-----------+
    |Total                                 | 426|         86|  147|        542|
    +--------------------------------------+----+-----------+-----+-----------+

    * Register: 
    +---------------------------------+----+----+-----+-----------+
    |               Name              | FF | LUT| Bits| Const Bits|
    +---------------------------------+----+----+-----+-----------+
    |A_load_14_reg_1625               |   8|   0|    8|          0|
    |A_load_15_reg_1464               |   8|   0|    8|          0|
    |A_load_1_reg_1500                |   8|   0|    8|          0|
    |A_load_reg_1665                  |   8|   0|    8|          0|
    |B_load_13_reg_1495               |   8|   0|    8|          0|
    |B_load_14_reg_1655               |   8|   0|    8|          0|
    |B_load_1_reg_1640                |   8|   0|    8|          0|
    |add_ln23_2_reg_1388              |   7|   0|    7|          0|
    |add_ln25_reg_1444                |   8|   0|    8|          0|
    |add_ln25_reg_1444_pp0_iter1_reg  |   8|   0|    8|          0|
    |add_ln840_10_reg_1735            |  17|   0|   17|          0|
    |add_ln840_13_reg_1745            |  19|   0|   19|          0|
    |add_ln840_1_reg_1610             |  17|   0|   17|          0|
    |add_ln840_3_reg_1660             |  17|   0|   17|          0|
    |add_ln840_5_reg_1685             |  18|   0|   18|          0|
    |add_ln840_6_reg_1750             |  19|   0|   19|          0|
    |add_ln840_7_reg_1705             |  17|   0|   17|          0|
    |add_ln840_9_reg_1725             |  18|   0|   18|          0|
    |ap_CS_fsm                        |   8|   0|    8|          0|
    |ap_done_reg                      |   1|   0|    1|          0|
    |ap_enable_reg_pp0_iter0_reg      |   1|   0|    1|          0|
    |ap_enable_reg_pp0_iter1          |   1|   0|    1|          0|
    |i_fu_114                         |   5|   0|    5|          0|
    |icmp_ln16_reg_1332               |   1|   0|    1|          0|
    |icmp_ln18_reg_1336               |   1|   0|    1|          0|
    |indvar_flatten_fu_118            |   9|   0|    9|          0|
    |j_fu_110                         |   5|   0|    5|          0|
    |reg_419                          |   8|   0|    8|          0|
    |reg_423                          |   8|   0|    8|          0|
    |reg_428                          |   8|   0|    8|          0|
    |reg_432                          |   8|   0|    8|          0|
    |reg_437                          |   8|   0|    8|          0|
    |reg_442                          |   8|   0|    8|          0|
    |reg_447                          |   8|   0|    8|          0|
    |reg_452                          |   8|   0|    8|          0|
    |reg_457                          |   8|   0|    8|          0|
    |reg_462                          |   8|   0|    8|          0|
    |select_ln16_2_reg_1570           |   8|   0|    8|          0|
    |select_ln16_reg_1343             |   5|   0|    5|          0|
    |tmp_16_cast_reg_1356             |   4|   0|    8|          4|
    |tmp_33_cast_reg_1469             |   5|   0|    6|          1|
    |tmp_34_cast_reg_1480             |   5|   0|    7|          2|
    |tmp_cast_reg_1325                |   4|   0|    8|          4|
    |trunc_ln25_reg_1363              |   4|   0|    4|          0|
    |zext_ln23_reg_1408               |   5|   0|    8|          3|
    +---------------------------------+----+----+-----+-----------+
    |Total                            | 373|   0|  387|         14|
    +---------------------------------+----+----+-----+-----------+



================================================================
== Interface
================================================================
* Summary: 
+------------+-----+-----+------------+--------------+--------------+
|  RTL Ports | Dir | Bits|  Protocol  | Source Object|    C Type    |
+------------+-----+-----+------------+--------------+--------------+
|ap_clk      |   in|    1|  ap_ctrl_hs|        matmul|  return value|
|ap_rst      |   in|    1|  ap_ctrl_hs|        matmul|  return value|
|ap_start    |   in|    1|  ap_ctrl_hs|        matmul|  return value|
|ap_done     |  out|    1|  ap_ctrl_hs|        matmul|  return value|
|ap_idle     |  out|    1|  ap_ctrl_hs|        matmul|  return value|
|ap_ready    |  out|    1|  ap_ctrl_hs|        matmul|  return value|
|A_address0  |  out|    8|   ap_memory|             A|         array|
|A_ce0       |  out|    1|   ap_memory|             A|         array|
|A_q0        |   in|    8|   ap_memory|             A|         array|
|A_address1  |  out|    8|   ap_memory|             A|         array|
|A_ce1       |  out|    1|   ap_memory|             A|         array|
|A_q1        |   in|    8|   ap_memory|             A|         array|
|B_address0  |  out|    8|   ap_memory|             B|         array|
|B_ce0       |  out|    1|   ap_memory|             B|         array|
|B_q0        |   in|    8|   ap_memory|             B|         array|
|B_address1  |  out|    8|   ap_memory|             B|         array|
|B_ce1       |  out|    1|   ap_memory|             B|         array|
|B_q1        |   in|    8|   ap_memory|             B|         array|
|C_address0  |  out|    8|   ap_memory|             C|         array|
|C_ce0       |  out|    1|   ap_memory|             C|         array|
|C_we0       |  out|    1|   ap_memory|             C|         array|
|C_d0        |  out|   32|   ap_memory|             C|         array|
+------------+-----+-----+------------+--------------+--------------+

