

================================================================
== Vitis HLS Report for 'dense_axi'
================================================================
* Date:           Wed Aug 12 19:02:06 2026

* Version:        2022.2 (Build 3670227 on Oct 13 2022)
* Project:        dense_axi_prj
* Solution:       solution1 (Vivado IP Flow Target)
* Product family: zynq
* Target device:  xc7z007s-clg400-1


================================================================
== Performance Estimates
================================================================
+ Timing: 
    * Summary: 
    +--------+----------+----------+------------+
    |  Clock |  Target  | Estimated| Uncertainty|
    +--------+----------+----------+------------+
    |ap_clk  |  10.00 ns|  6.947 ns|     2.70 ns|
    +--------+----------+----------+------------+

+ Latency: 
    * Summary: 
    +---------+---------+----------+----------+-----+-----+---------+
    |  Latency (cycles) |  Latency (absolute) |  Interval | Pipeline|
    |   min   |   max   |    min   |    max   | min | max |   Type  |
    +---------+---------+----------+----------+-----+-----+---------+
    |       58|       68|  0.580 us|  0.680 us|   59|   69|       no|
    +---------+---------+----------+----------+-----+-----+---------+

    + Detail: 
        * Instance: 
        +---------------------------------------------------------------+----------------------------------------------------+---------+---------+----------+----------+-----+-----+---------+
        |                                                               |                                                    |  Latency (cycles) |  Latency (absolute) |  Interval | Pipeline|
        |                            Instance                           |                       Module                       |   min   |   max   |    min   |    max   | min | max |   Type  |
        +---------------------------------------------------------------+----------------------------------------------------+---------+---------+----------+----------+-----+-----+---------+
        |grp_dense_axi_Pipeline_gi_fu_263                               |dense_axi_Pipeline_gi                               |       43|       43|  0.430 us|  0.430 us|   43|   43|       no|
        |grp_dense_axi_Pipeline_VITIS_LOOP_64_1_VITIS_LOOP_64_2_fu_307  |dense_axi_Pipeline_VITIS_LOOP_64_1_VITIS_LOOP_64_2  |       21|       21|  0.210 us|  0.210 us|   21|   21|       no|
        |grp_dense_axi_Pipeline_VITIS_LOOP_52_1_fu_348                  |dense_axi_Pipeline_VITIS_LOOP_52_1                  |       11|       11|  0.110 us|  0.110 us|   11|   11|       no|
        |grp_dense_axi_Pipeline_VITIS_LOOP_37_1_fu_393                  |dense_axi_Pipeline_VITIS_LOOP_37_1                  |       11|       11|  0.110 us|  0.110 us|   11|   11|       no|
        |grp_dense_axi_Pipeline_VITIS_LOOP_26_1_VITIS_LOOP_26_2_fu_438  |dense_axi_Pipeline_VITIS_LOOP_26_1_VITIS_LOOP_26_2  |       21|       21|  0.210 us|  0.210 us|   21|   21|       no|
        |grp_dense_axi_Pipeline_VITIS_LOOP_16_1_fu_479                  |dense_axi_Pipeline_VITIS_LOOP_16_1                  |       11|       11|  0.110 us|  0.110 us|   11|   11|       no|
        +---------------------------------------------------------------+----------------------------------------------------+---------+---------+----------+----------+-----+-----+---------+

        * Loop: 
        N/A



================================================================
== Utilization Estimates
================================================================
* Summary: 
+-----------------+---------+----+-------+-------+-----+
|       Name      | BRAM_18K| DSP|   FF  |  LUT  | URAM|
+-----------------+---------+----+-------+-------+-----+
|DSP              |        -|   -|      -|      -|    -|
|Expression       |        -|   -|      0|      4|    -|
|FIFO             |        -|   -|      -|      -|    -|
|Instance         |        0|  28|   5665|   8066|    -|
|Memory           |        -|   -|      -|      -|    -|
|Multiplexer      |        -|   -|      -|     62|    -|
|Register         |        -|   -|    433|      -|    -|
+-----------------+---------+----+-------+-------+-----+
|Total            |        0|  28|   6098|   8132|    0|
+-----------------+---------+----+-------+-------+-----+
|Available        |      100|  66|  28800|  14400|    0|
+-----------------+---------+----+-------+-------+-----+
|Utilization (%)  |        0|  42|     21|     56|    0|
+-----------------+---------+----+-------+-------+-----+

+ Detail: 
    * Instance: 
    +---------------------------------------------------------------+----------------------------------------------------+---------+----+------+------+-----+
    |                            Instance                           |                       Module                       | BRAM_18K| DSP|  FF  |  LUT | URAM|
    +---------------------------------------------------------------+----------------------------------------------------+---------+----+------+------+-----+
    |CTRL_s_axi_U                                                   |CTRL_s_axi                                          |        0|   0|   121|   174|    0|
    |grp_dense_axi_Pipeline_VITIS_LOOP_16_1_fu_479                  |dense_axi_Pipeline_VITIS_LOOP_16_1                  |        0|   8|   586|  1335|    0|
    |grp_dense_axi_Pipeline_VITIS_LOOP_26_1_VITIS_LOOP_26_2_fu_438  |dense_axi_Pipeline_VITIS_LOOP_26_1_VITIS_LOOP_26_2  |        0|   2|   283|   795|    0|
    |grp_dense_axi_Pipeline_VITIS_LOOP_37_1_fu_393                  |dense_axi_Pipeline_VITIS_LOOP_37_1                  |        0|   8|   586|  1335|    0|
    |grp_dense_axi_Pipeline_VITIS_LOOP_52_1_fu_348                  |dense_axi_Pipeline_VITIS_LOOP_52_1                  |        0|   8|   586|  1335|    0|
    |grp_dense_axi_Pipeline_VITIS_LOOP_64_1_VITIS_LOOP_64_2_fu_307  |dense_axi_Pipeline_VITIS_LOOP_64_1_VITIS_LOOP_64_2  |        0|   2|   283|   795|    0|
    |grp_dense_axi_Pipeline_gi_fu_263                               |dense_axi_Pipeline_gi                               |        0|   0|  3220|  2297|    0|
    +---------------------------------------------------------------+----------------------------------------------------+---------+----+------+------+-----+
    |Total                                                          |                                                    |        0|  28|  5665|  8066|    0|
    +---------------------------------------------------------------+----------------------------------------------------+---------+----+------+------+-----+

    * DSP: 
    N/A

    * Memory: 
    N/A

    * FIFO: 
    N/A

    * Expression: 
    +---------------------------------+----------+----+---+----+------------+------------+
    |          Variable Name          | Operation| DSP| FF| LUT| Bitwidth P0| Bitwidth P1|
    +---------------------------------+----------+----+---+----+------------+------------+
    |ap_condition_78                  |       and|   0|  0|   2|           1|           1|
    |ap_block_state4_on_subcall_done  |        or|   0|  0|   2|           1|           1|
    +---------------------------------+----------+----+---+----+------------+------------+
    |Total                            |          |   0|  0|   4|           2|           2|
    +---------------------------------+----------+----+---+----+------------+------------+

    * Multiplexer: 
    +-------------------------------+----+-----------+-----+-----------+
    |              Name             | LUT| Input Size| Bits| Total Bits|
    +-------------------------------+----+-----------+-----+-----------+
    |ap_NS_fsm                      |  31|          6|    1|          6|
    |ap_phi_mux_r_V_phi_fu_250_p10  |  31|          6|   32|        192|
    +-------------------------------+----+-----------+-----+-----------+
    |Total                          |  62|         12|   33|        198|
    +-------------------------------+----+-----------+-----+-----------+

    * Register: 
    +----------------------------------------------------------------------------+----+----+-----+-----------+
    |                                    Name                                    | FF | LUT| Bits| Const Bits|
    +----------------------------------------------------------------------------+----+----+-----+-----------+
    |ap_CS_fsm                                                                   |   5|   0|    5|          0|
    |grp_dense_axi_Pipeline_VITIS_LOOP_16_1_fu_479_ap_start_reg                  |   1|   0|    1|          0|
    |grp_dense_axi_Pipeline_VITIS_LOOP_26_1_VITIS_LOOP_26_2_fu_438_ap_start_reg  |   1|   0|    1|          0|
    |grp_dense_axi_Pipeline_VITIS_LOOP_37_1_fu_393_ap_start_reg                  |   1|   0|    1|          0|
    |grp_dense_axi_Pipeline_VITIS_LOOP_52_1_fu_348_ap_start_reg                  |   1|   0|    1|          0|
    |grp_dense_axi_Pipeline_VITIS_LOOP_64_1_VITIS_LOOP_64_2_fu_307_ap_start_reg  |   1|   0|    1|          0|
    |grp_dense_axi_Pipeline_gi_fu_263_ap_start_reg                               |   1|   0|    1|          0|
    |seed_read_reg_914                                                           |  32|   0|   32|          0|
    |shl_ln_reg_1170                                                             |   7|   0|    8|          1|
    |trunc_ln186_reg_1165                                                        |   8|   0|    8|          0|
    |trunc_ln840_10_reg_1293                                                     |  31|   0|   31|          0|
    |trunc_ln840_11_reg_1298                                                     |  31|   0|   31|          0|
    |trunc_ln840_1_reg_1328                                                      |  31|   0|   31|          0|
    |trunc_ln840_2_reg_1333                                                      |  31|   0|   31|          0|
    |trunc_ln840_3_reg_1338                                                      |  31|   0|   31|          0|
    |trunc_ln840_4_reg_1303                                                      |  31|   0|   31|          0|
    |trunc_ln840_5_reg_1308                                                      |  31|   0|   31|          0|
    |trunc_ln840_6_reg_1313                                                      |  31|   0|   31|          0|
    |trunc_ln840_7_reg_1318                                                      |  31|   0|   31|          0|
    |trunc_ln840_8_reg_1283                                                      |  31|   0|   31|          0|
    |trunc_ln840_9_reg_1288                                                      |  31|   0|   31|          0|
    |trunc_ln840_reg_1323                                                        |  31|   0|   31|          0|
    |variant_read_reg_910                                                        |   3|   0|    3|          0|
    +----------------------------------------------------------------------------+----+----+-----+-----------+
    |Total                                                                       | 433|   0|  434|          1|
    +----------------------------------------------------------------------------+----+----+-----+-----------+



================================================================
== Interface
================================================================
* Summary: 
+--------------------+-----+-----+------------+--------------+--------------+
|      RTL Ports     | Dir | Bits|  Protocol  | Source Object|    C Type    |
+--------------------+-----+-----+------------+--------------+--------------+
|s_axi_CTRL_AWVALID  |   in|    1|       s_axi|          CTRL|       pointer|
|s_axi_CTRL_AWREADY  |  out|    1|       s_axi|          CTRL|       pointer|
|s_axi_CTRL_AWADDR   |   in|    6|       s_axi|          CTRL|       pointer|
|s_axi_CTRL_WVALID   |   in|    1|       s_axi|          CTRL|       pointer|
|s_axi_CTRL_WREADY   |  out|    1|       s_axi|          CTRL|       pointer|
|s_axi_CTRL_WDATA    |   in|   32|       s_axi|          CTRL|       pointer|
|s_axi_CTRL_WSTRB    |   in|    4|       s_axi|          CTRL|       pointer|
|s_axi_CTRL_ARVALID  |   in|    1|       s_axi|          CTRL|       pointer|
|s_axi_CTRL_ARREADY  |  out|    1|       s_axi|          CTRL|       pointer|
|s_axi_CTRL_ARADDR   |   in|    6|       s_axi|          CTRL|       pointer|
|s_axi_CTRL_RVALID   |  out|    1|       s_axi|          CTRL|       pointer|
|s_axi_CTRL_RREADY   |   in|    1|       s_axi|          CTRL|       pointer|
|s_axi_CTRL_RDATA    |  out|   32|       s_axi|          CTRL|       pointer|
|s_axi_CTRL_RRESP    |  out|    2|       s_axi|          CTRL|       pointer|
|s_axi_CTRL_BVALID   |  out|    1|       s_axi|          CTRL|       pointer|
|s_axi_CTRL_BREADY   |   in|    1|       s_axi|          CTRL|       pointer|
|s_axi_CTRL_BRESP    |  out|    2|       s_axi|          CTRL|       pointer|
|ap_clk              |   in|    1|  ap_ctrl_hs|     dense_axi|  return value|
|ap_rst_n            |   in|    1|  ap_ctrl_hs|     dense_axi|  return value|
|interrupt           |  out|    1|  ap_ctrl_hs|     dense_axi|  return value|
+--------------------+-----+-----+------------+--------------+--------------+

