

================================================================
== Vitis HLS Report for 'seven_segment'
================================================================
* Date:           Fri Jul 31 20:44:32 2026

* Version:        2022.2 (Build 3670227 on Oct 13 2022)
* Project:        seven_segment_hls
* Solution:       solution1 (Vivado IP Flow Target)
* Product family: zynq
* Target device:  xc7z007s-clg400-1


================================================================
== Performance Estimates
================================================================
+ Timing: 
    * Summary: 
    +--------+----------+----------+------------+
    |  Clock |  Target  | Estimated| Uncertainty|
    +--------+----------+----------+------------+
    |ap_clk  |  20.00 ns|  8.972 ns|     5.40 ns|
    +--------+----------+----------+------------+

+ Latency: 
    * Summary: 
    +---------+---------+----------+----------+-----+-----+---------+
    |  Latency (cycles) |  Latency (absolute) |  Interval | Pipeline|
    |   min   |   max   |    min   |    max   | min | max |   Type  |
    +---------+---------+----------+----------+-----+-----+---------+
    |       34|       34|  0.680 us|  0.680 us|    1|    1|      yes|
    +---------+---------+----------+----------+-----+-----+---------+

    + Detail: 
        * Instance: 
        N/A

        * Loop: 
        N/A



================================================================
== Utilization Estimates
================================================================
* Summary: 
+-----------------+---------+----+-------+-------+-----+
|       Name      | BRAM_18K| DSP|   FF  |  LUT  | URAM|
+-----------------+---------+----+-------+-------+-----+
|DSP              |        -|   -|      -|      -|    -|
|Expression       |        -|   -|      0|    175|    -|
|FIFO             |        -|   -|      -|      -|    -|
|Instance         |        -|   -|   1034|    778|    -|
|Memory           |        -|   -|      -|      -|    -|
|Multiplexer      |        -|   -|      -|    120|    -|
|Register         |        -|   -|    534|     96|    -|
+-----------------+---------+----+-------+-------+-----+
|Total            |        0|   0|   1568|   1169|    0|
+-----------------+---------+----+-------+-------+-----+
|Available        |      100|  66|  28800|  14400|    0|
+-----------------+---------+----+-------+-------+-----+
|Utilization (%)  |        0|   0|      5|      8|    0|
+-----------------+---------+----+-------+-------+-----+

+ Detail: 
    * Instance: 
    +---------------------------+------------------------+---------+----+-----+-----+-----+
    |          Instance         |         Module         | BRAM_18K| DSP|  FF | LUT | URAM|
    +---------------------------+------------------------+---------+----+-----+-----+-----+
    |udiv_14ns_10ns_14_18_1_U1  |udiv_14ns_10ns_14_18_1  |        0|   0|  517|  389|    0|
    |urem_14ns_5ns_4_18_1_U2    |urem_14ns_5ns_4_18_1    |        0|   0|  517|  389|    0|
    +---------------------------+------------------------+---------+----+-----+-----+-----+
    |Total                      |                        |        0|   0| 1034|  778|    0|
    +---------------------------+------------------------+---------+----+-----+-----+-----+

    * DSP: 
    N/A

    * Memory: 
    N/A

    * FIFO: 
    N/A

    * Expression: 
    +-------------------------+----------+----+---+----+------------+------------+
    |      Variable Name      | Operation| DSP| FF| LUT| Bitwidth P0| Bitwidth P1|
    +-------------------------+----------+----+---+----+------------+------------+
    |add_ln186_1_fu_211_p2    |         +|   0|  0|  23|          16|           1|
    |add_ln186_fu_229_p2      |         +|   0|  0|  10|           2|           1|
    |and_ln1031_fu_270_p2     |       and|   0|  0|   2|           1|           1|
    |ap_condition_238         |       and|   0|  0|   2|           1|           1|
    |ap_condition_673         |       and|   0|  0|   2|           1|           1|
    |icmp_ln1019_fu_200_p2    |      icmp|   0|  0|  13|          16|          15|
    |icmp_ln1031_1_fu_248_p2  |      icmp|   0|  0|  12|          14|           7|
    |icmp_ln1031_fu_242_p2    |      icmp|   0|  0|  12|          14|          10|
    |icmp_ln1039_fu_346_p2    |      icmp|   0|  0|   8|           2|           2|
    |icmp_ln97_1_fu_304_p2    |      icmp|   0|  0|   8|           2|           1|
    |icmp_ln97_2_fu_352_p2    |      icmp|   0|  0|   8|           2|           1|
    |icmp_ln97_fu_298_p2      |      icmp|   0|  0|   8|           2|           3|
    |msd_pos_V_fu_254_p2      |      icmp|   0|  0|  12|          14|           4|
    |or_ln1031_fu_284_p2      |        or|   0|  0|   2|           1|           1|
    |or_ln97_fu_318_p2        |        or|   0|  0|   2|           1|           1|
    |grp_fu_365_p0            |    select|   0|  0|  14|           1|          14|
    |msd_pos_V_1_fu_290_p3    |    select|   0|  0|   2|           1|           2|
    |select_ln1031_fu_276_p3  |    select|   0|  0|   3|           1|           3|
    |select_ln97_1_fu_324_p3  |    select|   0|  0|   8|           1|           8|
    |select_ln97_fu_310_p3    |    select|   0|  0|   7|           1|           4|
    |r_V_1_fu_388_p2          |       shl|   0|  0|   9|           1|           4|
    |an                       |       xor|   0|  0|   4|           4|           2|
    |ap_enable_pp0            |       xor|   0|  0|   2|           1|           2|
    |xor_ln1031_fu_264_p2     |       xor|   0|  0|   2|           1|           2|
    +-------------------------+----------+----+---+----+------------+------------+
    |Total                    |          |   0|  0| 175|         101|          91|
    +-------------------------+----------+----+---+----+------------+------------+

    * Multiplexer: 
    +-----------------------------------------+----+-----------+-----+-----------+
    |                   Name                  | LUT| Input Size| Bits| Total Bits|
    +-----------------------------------------+----+-----------+-----+-----------+
    |ap_phi_mux_pos_V_loc_0_phi_fu_139_p4     |  14|          3|    2|          6|
    |ap_phi_mux_r_V_phi_fu_149_p22            |  65|         12|    7|         84|
    |ap_phi_mux_storemerge_phi_fu_188_p4      |   9|          2|    8|         16|
    |ap_phi_reg_pp0_iter1_storemerge_reg_184  |   9|          2|    8|         16|
    |pos_V_loc_0_reg_136                      |  14|          3|    2|          6|
    |tick_V                                   |   9|          2|   16|         32|
    +-----------------------------------------+----+-----------+-----+-----------+
    |Total                                    | 120|         24|   43|        160|
    +-----------------------------------------+----+-----------+-----+-----------+

    * Register: 
    +------------------------------------------+----+----+-----+-----------+
    |                   Name                   | FF | LUT| Bits| Const Bits|
    +------------------------------------------+----+----+-----+-----------+
    |ap_CS_fsm                                 |   1|   0|    1|          0|
    |ap_enable_reg_pp0_iter1                   |   1|   0|    1|          0|
    |ap_enable_reg_pp0_iter10                  |   1|   0|    1|          0|
    |ap_enable_reg_pp0_iter11                  |   1|   0|    1|          0|
    |ap_enable_reg_pp0_iter12                  |   1|   0|    1|          0|
    |ap_enable_reg_pp0_iter13                  |   1|   0|    1|          0|
    |ap_enable_reg_pp0_iter14                  |   1|   0|    1|          0|
    |ap_enable_reg_pp0_iter15                  |   1|   0|    1|          0|
    |ap_enable_reg_pp0_iter16                  |   1|   0|    1|          0|
    |ap_enable_reg_pp0_iter17                  |   1|   0|    1|          0|
    |ap_enable_reg_pp0_iter18                  |   1|   0|    1|          0|
    |ap_enable_reg_pp0_iter19                  |   1|   0|    1|          0|
    |ap_enable_reg_pp0_iter2                   |   1|   0|    1|          0|
    |ap_enable_reg_pp0_iter20                  |   1|   0|    1|          0|
    |ap_enable_reg_pp0_iter21                  |   1|   0|    1|          0|
    |ap_enable_reg_pp0_iter22                  |   1|   0|    1|          0|
    |ap_enable_reg_pp0_iter23                  |   1|   0|    1|          0|
    |ap_enable_reg_pp0_iter24                  |   1|   0|    1|          0|
    |ap_enable_reg_pp0_iter25                  |   1|   0|    1|          0|
    |ap_enable_reg_pp0_iter26                  |   1|   0|    1|          0|
    |ap_enable_reg_pp0_iter27                  |   1|   0|    1|          0|
    |ap_enable_reg_pp0_iter28                  |   1|   0|    1|          0|
    |ap_enable_reg_pp0_iter29                  |   1|   0|    1|          0|
    |ap_enable_reg_pp0_iter3                   |   1|   0|    1|          0|
    |ap_enable_reg_pp0_iter30                  |   1|   0|    1|          0|
    |ap_enable_reg_pp0_iter31                  |   1|   0|    1|          0|
    |ap_enable_reg_pp0_iter32                  |   1|   0|    1|          0|
    |ap_enable_reg_pp0_iter33                  |   1|   0|    1|          0|
    |ap_enable_reg_pp0_iter34                  |   1|   0|    1|          0|
    |ap_enable_reg_pp0_iter4                   |   1|   0|    1|          0|
    |ap_enable_reg_pp0_iter5                   |   1|   0|    1|          0|
    |ap_enable_reg_pp0_iter6                   |   1|   0|    1|          0|
    |ap_enable_reg_pp0_iter7                   |   1|   0|    1|          0|
    |ap_enable_reg_pp0_iter8                   |   1|   0|    1|          0|
    |ap_enable_reg_pp0_iter9                   |   1|   0|    1|          0|
    |ap_phi_reg_pp0_iter10_storemerge_reg_184  |   8|   0|    8|          0|
    |ap_phi_reg_pp0_iter11_storemerge_reg_184  |   8|   0|    8|          0|
    |ap_phi_reg_pp0_iter12_storemerge_reg_184  |   8|   0|    8|          0|
    |ap_phi_reg_pp0_iter13_storemerge_reg_184  |   8|   0|    8|          0|
    |ap_phi_reg_pp0_iter14_storemerge_reg_184  |   8|   0|    8|          0|
    |ap_phi_reg_pp0_iter15_storemerge_reg_184  |   8|   0|    8|          0|
    |ap_phi_reg_pp0_iter16_storemerge_reg_184  |   8|   0|    8|          0|
    |ap_phi_reg_pp0_iter17_storemerge_reg_184  |   8|   0|    8|          0|
    |ap_phi_reg_pp0_iter18_storemerge_reg_184  |   8|   0|    8|          0|
    |ap_phi_reg_pp0_iter19_storemerge_reg_184  |   8|   0|    8|          0|
    |ap_phi_reg_pp0_iter1_storemerge_reg_184   |   8|   0|    8|          0|
    |ap_phi_reg_pp0_iter20_storemerge_reg_184  |   8|   0|    8|          0|
    |ap_phi_reg_pp0_iter21_storemerge_reg_184  |   8|   0|    8|          0|
    |ap_phi_reg_pp0_iter22_storemerge_reg_184  |   8|   0|    8|          0|
    |ap_phi_reg_pp0_iter23_storemerge_reg_184  |   8|   0|    8|          0|
    |ap_phi_reg_pp0_iter24_storemerge_reg_184  |   8|   0|    8|          0|
    |ap_phi_reg_pp0_iter25_storemerge_reg_184  |   8|   0|    8|          0|
    |ap_phi_reg_pp0_iter26_storemerge_reg_184  |   8|   0|    8|          0|
    |ap_phi_reg_pp0_iter27_storemerge_reg_184  |   8|   0|    8|          0|
    |ap_phi_reg_pp0_iter28_storemerge_reg_184  |   8|   0|    8|          0|
    |ap_phi_reg_pp0_iter29_storemerge_reg_184  |   8|   0|    8|          0|
    |ap_phi_reg_pp0_iter2_storemerge_reg_184   |   8|   0|    8|          0|
    |ap_phi_reg_pp0_iter30_storemerge_reg_184  |   8|   0|    8|          0|
    |ap_phi_reg_pp0_iter31_storemerge_reg_184  |   8|   0|    8|          0|
    |ap_phi_reg_pp0_iter32_storemerge_reg_184  |   8|   0|    8|          0|
    |ap_phi_reg_pp0_iter33_storemerge_reg_184  |   8|   0|    8|          0|
    |ap_phi_reg_pp0_iter34_storemerge_reg_184  |   8|   0|    8|          0|
    |ap_phi_reg_pp0_iter3_storemerge_reg_184   |   8|   0|    8|          0|
    |ap_phi_reg_pp0_iter4_storemerge_reg_184   |   8|   0|    8|          0|
    |ap_phi_reg_pp0_iter5_storemerge_reg_184   |   8|   0|    8|          0|
    |ap_phi_reg_pp0_iter6_storemerge_reg_184   |   8|   0|    8|          0|
    |ap_phi_reg_pp0_iter7_storemerge_reg_184   |   8|   0|    8|          0|
    |ap_phi_reg_pp0_iter8_storemerge_reg_184   |   8|   0|    8|          0|
    |ap_phi_reg_pp0_iter9_storemerge_reg_184   |   8|   0|    8|          0|
    |icmp_ln1039_reg_415                       |   1|   0|    1|          0|
    |pos_V                                     |   2|   0|    2|          0|
    |pos_V_loc_0_reg_136                       |   2|   0|    2|          0|
    |tick_V                                    |  16|   0|   16|          0|
    |value_r_read_reg_401                      |  14|   0|   14|          0|
    |icmp_ln1039_reg_415                       |  64|  32|    1|          0|
    |pos_V_loc_0_reg_136                       |  64|  32|    2|          0|
    |value_r_read_reg_401                      |  64|  32|   14|          0|
    +------------------------------------------+----+----+-----+-----------+
    |Total                                     | 534|  96|  359|          0|
    +------------------------------------------+----+----+-----+-----------+



================================================================
== Interface
================================================================
* Summary: 
+----------+-----+-----+--------------+---------------+--------------+
| RTL Ports| Dir | Bits|   Protocol   | Source Object |    C Type    |
+----------+-----+-----+--------------+---------------+--------------+
|ap_clk    |   in|    1|  ap_ctrl_none|  seven_segment|  return value|
|ap_rst    |   in|    1|  ap_ctrl_none|  seven_segment|  return value|
|value_r   |   in|   14|       ap_none|        value_r|        scalar|
|seg       |  out|    8|       ap_none|            seg|       pointer|
|an        |  out|    4|       ap_none|             an|       pointer|
+----------+-----+-----+--------------+---------------+--------------+

